Archive member included to satisfy reference by file (symbol)

d:/stm32cubeide_1.7.0/stm32cubeide/plugins/com.st.stm32cube.ide.mcu.externaltools.gnu-tools-for-stm32.9-2020-q2-update.win32_2.0.0.202105311346/tools/bin/../lib/gcc/arm-none-eabi/9.3.1/../../../../arm-none-eabi/lib/thumb/v7-m/nofp\libc_nano.a(lib_a-errno.o)
                              ./Core/Src/syscalls.o (__errno)
d:/stm32cubeide_1.7.0/stm32cubeide/plugins/com.st.stm32cube.ide.mcu.externaltools.gnu-tools-for-stm32.9-2020-q2-update.win32_2.0.0.202105311346/tools/bin/../lib/gcc/arm-none-eabi/9.3.1/../../../../arm-none-eabi/lib/thumb/v7-m/nofp\libc_nano.a(lib_a-exit.o)
                              d:/stm32cubeide_1.7.0/stm32cubeide/plugins/com.st.stm32cube.ide.mcu.externaltools.gnu-tools-for-stm32.9-2020-q2-update.win32_2.0.0.202105311346/tools/bin/../lib/gcc/arm-none-eabi/9.3.1/../../../../arm-none-eabi/lib/thumb/v7-m/nofp/crt0.o (exit)
d:/stm32cubeide_1.7.0/stm32cubeide/plugins/com.st.stm32cube.ide.mcu.externaltools.gnu-tools-for-stm32.9-2020-q2-update.win32_2.0.0.202105311346/tools/bin/../lib/gcc/arm-none-eabi/9.3.1/../../../../arm-none-eabi/lib/thumb/v7-m/nofp\libc_nano.a(lib_a-impure.o)
                              d:/stm32cubeide_1.7.0/stm32cubeide/plugins/com.st.stm32cube.ide.mcu.externaltools.gnu-tools-for-stm32.9-2020-q2-update.win32_2.0.0.202105311346/tools/bin/../lib/gcc/arm-none-eabi/9.3.1/../../../../arm-none-eabi/lib/thumb/v7-m/nofp\libc_nano.a(lib_a-exit.o) (_global_impure_ptr)
d:/stm32cubeide_1.7.0/stm32cubeide/plugins/com.st.stm32cube.ide.mcu.externaltools.gnu-tools-for-stm32.9-2020-q2-update.win32_2.0.0.202105311346/tools/bin/../lib/gcc/arm-none-eabi/9.3.1/../../../../arm-none-eabi/lib/thumb/v7-m/nofp\libc_nano.a(lib_a-init.o)
                              d:/stm32cubeide_1.7.0/stm32cubeide/plugins/com.st.stm32cube.ide.mcu.externaltools.gnu-tools-for-stm32.9-2020-q2-update.win32_2.0.0.202105311346/tools/bin/../lib/gcc/arm-none-eabi/9.3.1/../../../../arm-none-eabi/lib/thumb/v7-m/nofp/crt0.o (__libc_init_array)
d:/stm32cubeide_1.7.0/stm32cubeide/plugins/com.st.stm32cube.ide.mcu.externaltools.gnu-tools-for-stm32.9-2020-q2-update.win32_2.0.0.202105311346/tools/bin/../lib/gcc/arm-none-eabi/9.3.1/../../../../arm-none-eabi/lib/thumb/v7-m/nofp\libc_nano.a(lib_a-memset.o)
                              d:/stm32cubeide_1.7.0/stm32cubeide/plugins/com.st.stm32cube.ide.mcu.externaltools.gnu-tools-for-stm32.9-2020-q2-update.win32_2.0.0.202105311346/tools/bin/../lib/gcc/arm-none-eabi/9.3.1/../../../../arm-none-eabi/lib/thumb/v7-m/nofp/crt0.o (memset)

Allocating common symbols
Common symbol       size              file

SCH_tasks_G         0x320             ./Core/Src/scheduler.o
RGB_tl2             0xc               ./Core/Src/global.o
hi2c1               0x54              ./Core/Src/main.o
uwTick              0x4               ./Drivers/STM32F1xx_HAL_Driver/Src/stm32f1xx_hal.o
pFlash              0x20              ./Drivers/STM32F1xx_HAL_Driver/Src/stm32f1xx_hal_flash.o
RGB_tl1             0xc               ./Core/Src/global.o
htim2               0x48              ./Core/Src/main.o
btn                 0x60              ./Core/Src/global.o

Discarded input sections

 .text          0x0000000000000000        0x0 d:/stm32cubeide_1.7.0/stm32cubeide/plugins/com.st.stm32cube.ide.mcu.externaltools.gnu-tools-for-stm32.9-2020-q2-update.win32_2.0.0.202105311346/tools/bin/../lib/gcc/arm-none-eabi/9.3.1/thumb/v7-m/nofp/crti.o
 .data          0x0000000000000000        0x0 d:/stm32cubeide_1.7.0/stm32cubeide/plugins/com.st.stm32cube.ide.mcu.externaltools.gnu-tools-for-stm32.9-2020-q2-update.win32_2.0.0.202105311346/tools/bin/../lib/gcc/arm-none-eabi/9.3.1/thumb/v7-m/nofp/crti.o
 .bss           0x0000000000000000        0x0 d:/stm32cubeide_1.7.0/stm32cubeide/plugins/com.st.stm32cube.ide.mcu.externaltools.gnu-tools-for-stm32.9-2020-q2-update.win32_2.0.0.202105311346/tools/bin/../lib/gcc/arm-none-eabi/9.3.1/thumb/v7-m/nofp/crti.o
 .data          0x0000000000000000        0x4 d:/stm32cubeide_1.7.0/stm32cubeide/plugins/com.st.stm32cube.ide.mcu.externaltools.gnu-tools-for-stm32.9-2020-q2-update.win32_2.0.0.202105311346/tools/bin/../lib/gcc/arm-none-eabi/9.3.1/thumb/v7-m/nofp/crtbegin.o
 .text          0x0000000000000000       0x7c d:/stm32cubeide_1.7.0/stm32cubeide/plugins/com.st.stm32cube.ide.mcu.externaltools.gnu-tools-for-stm32.9-2020-q2-update.win32_2.0.0.202105311346/tools/bin/../lib/gcc/arm-none-eabi/9.3.1/../../../../arm-none-eabi/lib/thumb/v7-m/nofp/crt0.o
 .data          0x0000000000000000        0x0 d:/stm32cubeide_1.7.0/stm32cubeide/plugins/com.st.stm32cube.ide.mcu.externaltools.gnu-tools-for-stm32.9-2020-q2-update.win32_2.0.0.202105311346/tools/bin/../lib/gcc/arm-none-eabi/9.3.1/../../../../arm-none-eabi/lib/thumb/v7-m/nofp/crt0.o
[...]
Memory Configuration

Name             Origin             Length             Attributes
RAM              0x0000000020000000 0x0000000000005000 xrw
FLASH            0x0000000008000000 0x0000000000020000 xr
*default*        0x0000000000000000 0xffffffffffffffff

Linker script and memory map

LOAD d:/stm32cubeide_1.7.0/stm32cubeide/plugins/com.st.stm32cube.ide.mcu.externaltools.gnu-tools-for-stm32.9-2020-q2-update.win32_2.0.0.202105311346/tools/bin/../lib/gcc/arm-none-eabi/9.3.1/thumb/v7-m/nofp/crti.o
LOAD d:/stm32cubeide_1.7.0/stm32cubeide/plugins/com.st.stm32cube.ide.mcu.externaltools.gnu-tools-for-stm32.9-2020-q2-update.win32_2.0.0.202105311346/tools/bin/../lib/gcc/arm-none-eabi/9.3.1/thumb/v7-m/nofp/crtbegin.o
LOAD d:/stm32cubeide_1.7.0/stm32cubeide/plugins/com.st.stm32cube.ide.mcu.externaltools.gnu-tools-for-stm32.9-2020-q2-update.win32_2.0.0.202105311346/tools/bin/../lib/gcc/arm-none-eabi/9.3.1/../../../../arm-none-eabi/lib/thumb/v7-m/nofp/crt0.o
LOAD ./Core/Src/button.o
LOAD ./Core/Src/fsm_automatic.o
LOAD ./Core/Src/fsm_manual.o
LOAD ./Core/Src/fsm_tunning.o
LOAD ./Core/Src/global.o
LOAD ./Core/Src/lcd_i2c.o
LOAD ./Core/Src/led_traffic.o
LOAD ./Core/Src/main.o
LOAD ./Core/Src/scheduler.o
LOAD ./Core/Src/software_timer.o
LOAD ./Core/Src/stm32f1xx_hal_msp.o
LOAD ./Core/Src/stm32f1xx_it.o
LOAD ./Core/Src/syscalls.o
LOAD ./Core/Src/sysmem.o
LOAD ./Core/Src/system_stm32f1xx.o
LOAD ./Core/Src/task.o
LOAD ./Core/Startup/startup_stm32f103rbtx.o
LOAD ./Drivers/STM32F1xx_HAL_Driver/Src/stm32f1xx_hal.o
LOAD ./Drivers/STM32F1xx_HAL_Driver/Src/stm32f1xx_hal_cortex.o
LOAD ./Drivers/STM32F1xx_HAL_Driver/Src/stm32f1xx_hal_dma.o
LOAD ./Drivers/STM32F1xx_HAL_Driver/Src/stm32f1xx_hal_exti.o
LOAD ./Drivers/STM32F1xx_HAL_Driver/Src/stm32f1xx_hal_flash.o
LOAD ./Drivers/STM32F1xx_HAL_Driver/Src/stm32f1xx_hal_flash_ex.o
LOAD ./Drivers/STM32F1xx_HAL_Driver/Src/stm32f1xx_hal_gpio.o
LOAD ./Drivers/STM32F1xx_HAL_Driver/Src/stm32f1xx_hal_gpio_ex.o
LOAD ./Drivers/STM32F1xx_HAL_Driver/Src/stm32f1xx_hal_i2c.o
LOAD ./Drivers/STM32F1xx_HAL_Driver/Src/stm32f1xx_hal_pwr.o
LOAD ./Drivers/STM32F1xx_HAL_Driver/Src/stm32f1xx_hal_rcc.o
LOAD ./Drivers/STM32F1xx_HAL_Driver/Src/stm32f1xx_hal_rcc_ex.o
LOAD ./Drivers/STM32F1xx_HAL_Driver/Src/stm32f1xx_hal_tim.o
LOAD ./Drivers/STM32F1xx_HAL_Driver/Src/stm32f1xx_hal_tim_ex.o
START GROUP
LOAD d:/stm32cubeide_1.7.0/stm32cubeide/plugins/com.st.stm32cube.ide.mcu.externaltools.gnu-tools-for-stm32.9-2020-q2-update.win32_2.0.0.202105311346/tools/bin/../lib/gcc/arm-none-eabi/9.3.1/../../../../arm-none-eabi/lib/thumb/v7-m/nofp\libc_nano.a
LOAD d:/stm32cubeide_1.7.0/stm32cubeide/plugins/com.st.stm32cube.ide.mcu.externaltools.gnu-tools-for-stm32.9-2020-q2-update.win32_2.0.0.202105311346/tools/bin/../lib/gcc/arm-none-eabi/9.3.1/../../../../arm-none-eabi/lib/thumb/v7-m/nofp\libm.a
END GROUP
START GROUP
LOAD d:/stm32cubeide_1.7.0/stm32cubeide/plugins/com.st.stm32cube.ide.mcu.externaltools.gnu-tools-for-stm32.9-2020-q2-update.win32_2.0.0.202105311346/tools/bin/../lib/gcc/arm-none-eabi/9.3.1/thumb/v7-m/nofp\libgcc.a
LOAD d:/stm32cubeide_1.7.0/stm32cubeide/plugins/com.st.stm32cube.ide.mcu.externaltools.gnu-tools-for-stm32.9-2020-q2-update.win32_2.0.0.202105311346/tools/bin/../lib/gcc/arm-none-eabi/9.3.1/../../../../arm-none-eabi/lib/thumb/v7-m/nofp\libc_nano.a
END GROUP
START GROUP
LOAD d:/stm32cubeide_1.7.0/stm32cubeide/plugins/com.st.stm32cube.ide.mcu.externaltools.gnu-tools-for-stm32.9-2020-q2-update.win32_2.0.0.202105311346/tools/bin/../lib/gcc/arm-none-eabi/9.3.1/thumb/v7-m/nofp\libgcc.a
LOAD d:/stm32cubeide_1.7.0/stm32cubeide/plugins/com.st.stm32cube.ide.mcu.externaltools.gnu-tools-for-stm32.9-2020-q2-update.win32_2.0.0.202105311346/tools/bin/../lib/gcc/arm-none-eabi/9.3.1/../../../../arm-none-eabi/lib/thumb/v7-m/nofp\libc_nano.a
LOAD d:/stm32cubeide_1.7.0/stm32cubeide/plugins/com.st.stm32cube.ide.mcu.externaltools.gnu-tools-for-stm32.9-2020-q2-update.win32_2.0.0.202105311346/tools/bin/../lib/gcc/arm-none-eabi/9.3.1/../../../../arm-none-eabi/lib/thumb/v7-m/nofp\libnosys.a
END GROUP
START GROUP
LOAD d:/stm32cubeide_1.7.0/stm32cubeide/plugins/com.st.stm32cube.ide.mcu.externaltools.gnu-tools-for-stm32.9-2020-q2-update.win32_2.0.0.202105311346/tools/bin/../lib/gcc/arm-none-eabi/9.3.1/thumb/v7-m/nofp\libgcc.a
LOAD d:/stm32cubeide_1.7.0/stm32cubeide/plugins/com.st.stm32cube.ide.mcu.externaltools.gnu-tools-for-stm32.9-2020-q2-update.win32_2.0.0.202105311346/tools/bin/../lib/gcc/arm-none-eabi/9.3.1/../../../../arm-none-eabi/lib/thumb/v7-m/nofp\libc_nano.a
LOAD d:/stm32cubeide_1.7.0/stm32cubeide/plugins/com.st.stm32cube.ide.mcu.externaltools.gnu-tools-for-stm32.9-2020-q2-update.win32_2.0.0.202105311346/tools/bin/../lib/gcc/arm-none-eabi/9.3.1/../../../../arm-none-eabi/lib/thumb/v7-m/nofp\libnosys.a
END GROUP
LOAD d:/stm32cubeide_1.7.0/stm32cubeide/plugins/com.st.stm32cube.ide.mcu.externaltools.gnu-tools-for-stm32.9-2020-q2-update.win32_2.0.0.202105311346/tools/bin/../lib/gcc/arm-none-eabi/9.3.1/thumb/v7-m/nofp/crtend.o
LOAD d:/stm32cubeide_1.7.0/stm32cubeide/plugins/com.st.stm32cube.ide.mcu.externaltools.gnu-tools-for-stm32.9-2020-q2-update.win32_2.0.0.202105311346/tools/bin/../lib/gcc/arm-none-eabi/9.3.1/thumb/v7-m/nofp/crtn.o
                0x0000000020005000                _estack = (ORIGIN (RAM) + LENGTH (RAM))
                0x0000000000000200                _Min_Heap_Size = 0x200
                0x0000000000000400                _Min_Stack_Size = 0x400

.isr_vector     0x0000000008000000      0x10c
                0x0000000008000000                . = ALIGN (0x4)
 *(.isr_vector)
 .isr_vector    0x0000000008000000      0x10c ./Core/Startup/startup_stm32f103rbtx.o
                0x0000000008000000                g_pfnVectors
                0x000000000800010c                . = ALIGN (0x4)

.text           0x000000000800010c     0x3df4
                0x000000000800010c                . = ALIGN (0x4)
 *(.text)
 .text          0x000000000800010c       0x40 d:/stm32cubeide_1.7.0/stm32cubeide/plugins/com.st.stm32cube.ide.mcu.externaltools.gnu-tools-for-stm32.9-2020-q2-update.win32_2.0.0.202105311346/tools/bin/../lib/gcc/arm-none-eabi/9.3.1/thumb/v7-m/nofp/crtbegin.o
 *(.text*)
 .text.button_init
                0x000000000800014c       0xec ./Core/Src/button.o
                0x000000000800014c                button_init
 .text.subKeyProcess
                0x0000000008000238       0x94 ./Core/Src/button.o
 .text.getKeyInput
                0x00000000080002cc      0x210 ./Core/Src/button.o
                0x00000000080002cc                getKeyInput
 .text.is_button_pressed
                0x00000000080004dc       0x44 ./Core/Src/button.o
                0x00000000080004dc                is_button_pressed
 .text.is_button_auto_increase
                0x0000000008000520       0x44 ./Core/Src/button.o
                0x0000000008000520                is_button_auto_increase
 .text.init_automatic_mode
                0x0000000008000564       0xbc ./Core/Src/fsm_automatic.o
                0x0000000008000564                init_automatic_mode
 .text.fsm_automatic_run
                0x0000000008000620      0x290 ./Core/Src/fsm_automatic.o
                0x0000000008000620                fsm_automatic_run
 .text.fsm_manual_run
                0x00000000080008b0      0x178 ./Core/Src/fsm_manual.o
                0x00000000080008b0                fsm_manual_run
 .text.blink_tunning_light
                0x0000000008000a28       0xa4 ./Core/Src/fsm_tunning.o
                0x0000000008000a28                blink_tunning_light
 .text.fsm_tunning_red
                0x0000000008000acc       0xe0 ./Core/Src/fsm_tunning.o
                0x0000000008000acc                fsm_tunning_red
 .text.fsm_tunning_yellow
                0x0000000008000bac       0xe0 ./Core/Src/fsm_tunning.o
                0x0000000008000bac                fsm_tunning_yellow
 .text.fsm_tunning_green
                0x0000000008000c8c       0xfc ./Core/Src/fsm_tunning.o
                0x0000000008000c8c                fsm_tunning_green
 .text.fsm_tunning_run
                0x0000000008000d88       0x44 ./Core/Src/fsm_tunning.o
                0x0000000008000d88                fsm_tunning_run
 .text.lcd_send_cmd
                0x0000000008000dcc       0x60 ./Core/Src/lcd_i2c.o
                0x0000000008000dcc                lcd_send_cmd
 .text.lcd_send_data
                0x0000000008000e2c       0x60 ./Core/Src/lcd_i2c.o
                0x0000000008000e2c                lcd_send_data
 .text.lcd_init
                0x0000000008000e8c       0x5c ./Core/Src/lcd_i2c.o
                0x0000000008000e8c                lcd_init
 .text.lcd_send_string
                0x0000000008000ee8       0x2a ./Core/Src/lcd_i2c.o
                0x0000000008000ee8                lcd_send_string
 .text.lcd_clear_display
                0x0000000008000f12        0xe ./Core/Src/lcd_i2c.o
                0x0000000008000f12                lcd_clear_display
 .text.lcd_goto_XY
                0x0000000008000f20       0x42 ./Core/Src/lcd_i2c.o
                0x0000000008000f20                lcd_goto_XY
 *fill*         0x0000000008000f62        0x2 
 .text.lcd_send_number
                0x0000000008000f64       0x60 ./Core/Src/lcd_i2c.o
                0x0000000008000f64                lcd_send_number
 .text.updateLCDBuffer_Auto
                0x0000000008000fc4      0x12c ./Core/Src/lcd_i2c.o
                0x0000000008000fc4                updateLCDBuffer_Auto
 .text.updateLCDBuffer_Manual
                0x00000000080010f0       0x54 ./Core/Src/lcd_i2c.o
                0x00000000080010f0                updateLCDBuffer_Manual
 .text.updateLCDBuffer_Tunning
                0x0000000008001144       0xe0 ./Core/Src/lcd_i2c.o
                0x0000000008001144                updateLCDBuffer_Tunning
 .text.updateLCDBuffer
                0x0000000008001224       0x34 ./Core/Src/lcd_i2c.o
                0x0000000008001224                updateLCDBuffer
 .text.RGB_TrafficLight_Init
                0x0000000008001258       0x34 ./Core/Src/led_traffic.o
                0x0000000008001258                RGB_TrafficLight_Init
 .text.RGB_TrafficLight_TurnOn
                0x000000000800128c       0x86 ./Core/Src/led_traffic.o
                0x000000000800128c                RGB_TrafficLight_TurnOn
 *fill*         0x0000000008001312        0x2 
 .text.RGB_TrafficLight_Blink
                0x0000000008001314       0x48 ./Core/Src/led_traffic.o
                0x0000000008001314                RGB_TrafficLight_Blink
 .text.main     0x000000000800135c       0xc0 ./Core/Src/main.o
                0x000000000800135c                main
 .text.SystemClock_Config
                0x000000000800141c       0x82 ./Core/Src/main.o
                0x000000000800141c                SystemClock_Config
 *fill*         0x000000000800149e        0x2 
 .text.MX_I2C1_Init
                0x00000000080014a0       0x5c ./Core/Src/main.o
 .text.MX_TIM2_Init
                0x00000000080014fc       0x98 ./Core/Src/main.o
 .text.MX_GPIO_Init
                0x0000000008001594       0xe8 ./Core/Src/main.o
 .text.HAL_TIM_PeriodElapsedCallback
                0x000000000800167c       0x22 ./Core/Src/main.o
                0x000000000800167c                HAL_TIM_PeriodElapsedCallback
 .text.Error_Handler
                0x000000000800169e        0xa ./Core/Src/main.o
                0x000000000800169e                Error_Handler
 .text.Get_New_Task_ID
                0x00000000080016a8       0x30 ./Core/Src/scheduler.o
 .text.SCH_Init
                0x00000000080016d8       0x94 ./Core/Src/scheduler.o
                0x00000000080016d8                SCH_Init
 .text.SCH_Add_Task
                0x000000000800176c      0x208 ./Core/Src/scheduler.o
                0x000000000800176c                SCH_Add_Task
 .text.SCH_Delete_Task
                0x0000000008001974      0x14c ./Core/Src/scheduler.o
                0x0000000008001974                SCH_Delete_Task
 .text.SCH_Update
                0x0000000008001ac0       0x40 ./Core/Src/scheduler.o
                0x0000000008001ac0                SCH_Update
 .text.SCH_Dispatch_Tasks
                0x0000000008001b00       0x5c ./Core/Src/scheduler.o
                0x0000000008001b00                SCH_Dispatch_Tasks
 .text.setTimer0
                0x0000000008001b5c       0x38 ./Core/Src/software_timer.o
                0x0000000008001b5c                setTimer0
 .text.setTimer1
                0x0000000008001b94       0x38 ./Core/Src/software_timer.o
                0x0000000008001b94                setTimer1
 .text.setTimer2
                0x0000000008001bcc       0x38 ./Core/Src/software_timer.o
                0x0000000008001bcc                setTimer2
 .text.setTimer3
                0x0000000008001c04       0x38 ./Core/Src/software_timer.o
                0x0000000008001c04                setTimer3
 .text.timer_run
                0x0000000008001c3c       0xac ./Core/Src/software_timer.o
                0x0000000008001c3c                timer_run
 .text.HAL_MspInit
                0x0000000008001ce8       0x64 ./Core/Src/stm32f1xx_hal_msp.o
                0x0000000008001ce8                HAL_MspInit
 .text.HAL_I2C_MspInit
                0x0000000008001d4c       0xa0 ./Core/Src/stm32f1xx_hal_msp.o
                0x0000000008001d4c                HAL_I2C_MspInit
 .text.HAL_TIM_Base_MspInit
                0x0000000008001dec       0x48 ./Core/Src/stm32f1xx_hal_msp.o
                0x0000000008001dec                HAL_TIM_Base_MspInit
 .text.NMI_Handler
                0x0000000008001e34        0x6 ./Core/Src/stm32f1xx_it.o
                0x0000000008001e34                NMI_Handler
 .text.HardFault_Handler
                0x0000000008001e3a        0x6 ./Core/Src/stm32f1xx_it.o
                0x0000000008001e3a                HardFault_Handler
 .text.MemManage_Handler
                0x0000000008001e40        0x6 ./Core/Src/stm32f1xx_it.o
                0x0000000008001e40                MemManage_Handler
 .text.BusFault_Handler
                0x0000000008001e46        0x6 ./Core/Src/stm32f1xx_it.o
                0x0000000008001e46                BusFault_Handler
 .text.UsageFault_Handler
                0x0000000008001e4c        0x6 ./Core/Src/stm32f1xx_it.o
                0x0000000008001e4c                UsageFault_Handler
 .text.SVC_Handler
                0x0000000008001e52        0xc ./Core/Src/stm32f1xx_it.o
                0x0000000008001e52                SVC_Handler
 .text.DebugMon_Handler
                0x0000000008001e5e        0xc ./Core/Src/stm32f1xx_it.o
                0x0000000008001e5e                DebugMon_Handler
 .text.PendSV_Handler
                0x0000000008001e6a        0xc ./Core/Src/stm32f1xx_it.o
                0x0000000008001e6a                PendSV_Handler
 .text.SysTick_Handler
                0x0000000008001e76        0xc ./Core/Src/stm32f1xx_it.o
                0x0000000008001e76                SysTick_Handler
 *fill*         0x0000000008001e82        0x2 
 .text.TIM2_IRQHandler
                0x0000000008001e84       0x14 ./Core/Src/stm32f1xx_it.o
                0x0000000008001e84                TIM2_IRQHandler
 .text.SystemInit
                0x0000000008001e98        0xc ./Core/Src/system_stm32f1xx.o
                0x0000000008001e98                SystemInit
 .text.Reset_Handler
                0x0000000008001ea4       0x48 ./Core/Startup/startup_stm32f103rbtx.o
                0x0000000008001ea4                Reset_Handler
 .text.Default_Handler
                0x0000000008001eec        0x2 ./Core/Startup/startup_stm32f103rbtx.o
                0x0000000008001eec                RTC_Alarm_IRQHandler
                0x0000000008001eec                EXTI2_IRQHandler
                0x0000000008001eec                TIM1_CC_IRQHandler
                0x0000000008001eec                PVD_IRQHandler
                0x0000000008001eec                EXTI3_IRQHandler
                0x0000000008001eec                EXTI0_IRQHandler
                0x0000000008001eec                I2C2_EV_IRQHandler
                0x0000000008001eec                ADC1_2_IRQHandler
                0x0000000008001eec                SPI1_IRQHandler
                0x0000000008001eec                TAMPER_IRQHandler
                0x0000000008001eec                DMA1_Channel4_IRQHandler
                0x0000000008001eec                USART3_IRQHandler
                0x0000000008001eec                RTC_IRQHandler
                0x0000000008001eec                DMA1_Channel7_IRQHandler
                0x0000000008001eec                CAN1_RX1_IRQHandler
                0x0000000008001eec                TIM4_IRQHandler
                0x0000000008001eec                I2C1_EV_IRQHandler
                0x0000000008001eec                DMA1_Channel6_IRQHandler
                0x0000000008001eec                TIM3_IRQHandler
                0x0000000008001eec                RCC_IRQHandler
                0x0000000008001eec                TIM1_TRG_COM_IRQHandler
                0x0000000008001eec                DMA1_Channel1_IRQHandler
                0x0000000008001eec                Default_Handler
                0x0000000008001eec                EXTI15_10_IRQHandler
                0x0000000008001eec                EXTI9_5_IRQHandler
                0x0000000008001eec                SPI2_IRQHandler
                0x0000000008001eec                DMA1_Channel5_IRQHandler
                0x0000000008001eec                EXTI4_IRQHandler
                0x0000000008001eec                USB_LP_CAN1_RX0_IRQHandler
                0x0000000008001eec                USB_HP_CAN1_TX_IRQHandler
                0x0000000008001eec                DMA1_Channel3_IRQHandler
                0x0000000008001eec                TIM1_UP_IRQHandler
                0x0000000008001eec                WWDG_IRQHandler
                0x0000000008001eec                TIM1_BRK_IRQHandler
                0x0000000008001eec                EXTI1_IRQHandler
                0x0000000008001eec                USART2_IRQHandler
                0x0000000008001eec                I2C2_ER_IRQHandler
                0x0000000008001eec                DMA1_Channel2_IRQHandler
                0x0000000008001eec                CAN1_SCE_IRQHandler
                0x0000000008001eec                FLASH_IRQHandler
                0x0000000008001eec                USART1_IRQHandler
                0x0000000008001eec                I2C1_ER_IRQHandler
                0x0000000008001eec                USBWakeUp_IRQHandler
 *fill*         0x0000000008001eee        0x2 
 .text.HAL_Init
                0x0000000008001ef0       0x2c ./Drivers/STM32F1xx_HAL_Driver/Src/stm32f1xx_hal.o
                0x0000000008001ef0                HAL_Init
 .text.HAL_InitTick
                0x0000000008001f1c       0x60 ./Drivers/STM32F1xx_HAL_Driver/Src/stm32f1xx_hal.o
                0x0000000008001f1c                HAL_InitTick
 .text.HAL_IncTick
                0x0000000008001f7c       0x24 ./Drivers/STM32F1xx_HAL_Driver/Src/stm32f1xx_hal.o
                0x0000000008001f7c                HAL_IncTick
 .text.HAL_GetTick
                0x0000000008001fa0       0x14 ./Drivers/STM32F1xx_HAL_Driver/Src/stm32f1xx_hal.o
                0x0000000008001fa0                HAL_GetTick
 .text.HAL_Delay
                0x0000000008001fb4       0x48 ./Drivers/STM32F1xx_HAL_Driver/Src/stm32f1xx_hal.o
                0x0000000008001fb4                HAL_Delay
 .text.__NVIC_SetPriorityGrouping
                0x0000000008001ffc       0x48 ./Drivers/STM32F1xx_HAL_Driver/Src/stm32f1xx_hal_cortex.o
 .text.__NVIC_GetPriorityGrouping
                0x0000000008002044       0x1c ./Drivers/STM32F1xx_HAL_Driver/Src/stm32f1xx_hal_cortex.o
 .text.__NVIC_EnableIRQ
                0x0000000008002060       0x38 ./Drivers/STM32F1xx_HAL_Driver/Src/stm32f1xx_hal_cortex.o
 .text.__NVIC_SetPriority
                0x0000000008002098       0x54 ./Drivers/STM32F1xx_HAL_Driver/Src/stm32f1xx_hal_cortex.o
 .text.NVIC_EncodePriority
                0x00000000080020ec       0x64 ./Drivers/STM32F1xx_HAL_Driver/Src/stm32f1xx_hal_cortex.o
 .text.SysTick_Config
                0x0000000008002150       0x44 ./Drivers/STM32F1xx_HAL_Driver/Src/stm32f1xx_hal_cortex.o
 .text.HAL_NVIC_SetPriorityGrouping
                0x0000000008002194       0x16 ./Drivers/STM32F1xx_HAL_Driver/Src/stm32f1xx_hal_cortex.o
                0x0000000008002194                HAL_NVIC_SetPriorityGrouping
 .text.HAL_NVIC_SetPriority
                0x00000000080021aa       0x38 ./Drivers/STM32F1xx_HAL_Driver/Src/stm32f1xx_hal_cortex.o
                0x00000000080021aa                HAL_NVIC_SetPriority
 .text.HAL_NVIC_EnableIRQ
                0x00000000080021e2       0x1c ./Drivers/STM32F1xx_HAL_Driver/Src/stm32f1xx_hal_cortex.o
                0x00000000080021e2                HAL_NVIC_EnableIRQ
 .text.HAL_SYSTICK_Config
                0x00000000080021fe       0x18 ./Drivers/STM32F1xx_HAL_Driver/Src/stm32f1xx_hal_cortex.o
                0x00000000080021fe                HAL_SYSTICK_Config
 *fill*         0x0000000008002216        0x2 
 .text.HAL_GPIO_Init
                0x0000000008002218      0x308 ./Drivers/STM32F1xx_HAL_Driver/Src/stm32f1xx_hal_gpio.o
                0x0000000008002218                HAL_GPIO_Init
 .text.HAL_GPIO_ReadPin
                0x0000000008002520       0x2e ./Drivers/STM32F1xx_HAL_Driver/Src/stm32f1xx_hal_gpio.o
                0x0000000008002520                HAL_GPIO_ReadPin
 .text.HAL_GPIO_WritePin
                0x000000000800254e       0x30 ./Drivers/STM32F1xx_HAL_Driver/Src/stm32f1xx_hal_gpio.o
                0x000000000800254e                HAL_GPIO_WritePin
 *fill*         0x000000000800257e        0x2 
 .text.HAL_I2C_Init
                0x0000000008002580      0x288 ./Drivers/STM32F1xx_HAL_Driver/Src/stm32f1xx_hal_i2c.o
                0x0000000008002580                HAL_I2C_Init
 .text.HAL_I2C_Master_Transmit
                0x0000000008002808      0x1fc ./Drivers/STM32F1xx_HAL_Driver/Src/stm32f1xx_hal_i2c.o
                0x0000000008002808                HAL_I2C_Master_Transmit
 .text.I2C_MasterRequestWrite
                0x0000000008002a04      0x104 ./Drivers/STM32F1xx_HAL_Driver/Src/stm32f1xx_hal_i2c.o
 .text.I2C_WaitOnFlagUntilTimeout
                0x0000000008002b08       0xf4 ./Drivers/STM32F1xx_HAL_Driver/Src/stm32f1xx_hal_i2c.o
 .text.I2C_WaitOnMasterAddressFlagUntilTimeout
                0x0000000008002bfc      0x140 ./Drivers/STM32F1xx_HAL_Driver/Src/stm32f1xx_hal_i2c.o
 .text.I2C_WaitOnTXEFlagUntilTimeout
                0x0000000008002d3c       0x90 ./Drivers/STM32F1xx_HAL_Driver/Src/stm32f1xx_hal_i2c.o
 .text.I2C_WaitOnBTFFlagUntilTimeout
                0x0000000008002dcc       0x90 ./Drivers/STM32F1xx_HAL_Driver/Src/stm32f1xx_hal_i2c.o
 .text.I2C_IsAcknowledgeFailed
                0x0000000008002e5c       0x5c ./Drivers/STM32F1xx_HAL_Driver/Src/stm32f1xx_hal_i2c.o
 .text.HAL_RCC_OscConfig
                0x0000000008002eb8      0x500 ./Drivers/STM32F1xx_HAL_Driver/Src/stm32f1xx_hal_rcc.o
                0x0000000008002eb8                HAL_RCC_OscConfig
 .text.HAL_RCC_ClockConfig
                0x00000000080033b8      0x1d4 ./Drivers/STM32F1xx_HAL_Driver/Src/stm32f1xx_hal_rcc.o
                0x00000000080033b8                HAL_RCC_ClockConfig
 .text.HAL_RCC_GetSysClockFreq
                0x000000000800358c       0xa8 ./Drivers/STM32F1xx_HAL_Driver/Src/stm32f1xx_hal_rcc.o
                0x000000000800358c                HAL_RCC_GetSysClockFreq
 .text.HAL_RCC_GetHCLKFreq
                0x0000000008003634       0x14 ./Drivers/STM32F1xx_HAL_Driver/Src/stm32f1xx_hal_rcc.o
                0x0000000008003634                HAL_RCC_GetHCLKFreq
 .text.HAL_RCC_GetPCLK1Freq
                0x0000000008003648       0x28 ./Drivers/STM32F1xx_HAL_Driver/Src/stm32f1xx_hal_rcc.o
                0x0000000008003648                HAL_RCC_GetPCLK1Freq
 .text.RCC_Delay
                0x0000000008003670       0x3c ./Drivers/STM32F1xx_HAL_Driver/Src/stm32f1xx_hal_rcc.o
 .text.HAL_TIM_Base_Init
                0x00000000080036ac       0x9e ./Drivers/STM32F1xx_HAL_Driver/Src/stm32f1xx_hal_tim.o
                0x00000000080036ac                HAL_TIM_Base_Init
 *fill*         0x000000000800374a        0x2 
 .text.HAL_TIM_Base_Start_IT
                0x000000000800374c       0xa4 ./Drivers/STM32F1xx_HAL_Driver/Src/stm32f1xx_hal_tim.o
                0x000000000800374c                HAL_TIM_Base_Start_IT
 .text.HAL_TIM_IRQHandler
                0x00000000080037f0      0x1e0 ./Drivers/STM32F1xx_HAL_Driver/Src/stm32f1xx_hal_tim.o
                0x00000000080037f0                HAL_TIM_IRQHandler
 .text.HAL_TIM_ConfigClockSource
                0x00000000080039d0      0x18e ./Drivers/STM32F1xx_HAL_Driver/Src/stm32f1xx_hal_tim.o
                0x00000000080039d0                HAL_TIM_ConfigClockSource
 .text.HAL_TIM_OC_DelayElapsedCallback
                0x0000000008003b5e       0x12 ./Drivers/STM32F1xx_HAL_Driver/Src/stm32f1xx_hal_tim.o
                0x0000000008003b5e                HAL_TIM_OC_DelayElapsedCallback
 .text.HAL_TIM_IC_CaptureCallback
                0x0000000008003b70       0x12 ./Drivers/STM32F1xx_HAL_Driver/Src/stm32f1xx_hal_tim.o
                0x0000000008003b70                HAL_TIM_IC_CaptureCallback
 .text.HAL_TIM_PWM_PulseFinishedCallback
                0x0000000008003b82       0x12 ./Drivers/STM32F1xx_HAL_Driver/Src/stm32f1xx_hal_tim.o
                0x0000000008003b82                HAL_TIM_PWM_PulseFinishedCallback
 .text.HAL_TIM_TriggerCallback
                0x0000000008003b94       0x12 ./Drivers/STM32F1xx_HAL_Driver/Src/stm32f1xx_hal_tim.o
                0x0000000008003b94                HAL_TIM_TriggerCallback
 *fill*         0x0000000008003ba6        0x2 
 .text.TIM_Base_SetConfig
                0x0000000008003ba8       0xdc ./Drivers/STM32F1xx_HAL_Driver/Src/stm32f1xx_hal_tim.o
                0x0000000008003ba8                TIM_Base_SetConfig
 .text.TIM_TI1_ConfigInputStage
                0x0000000008003c84       0x5c ./Drivers/STM32F1xx_HAL_Driver/Src/stm32f1xx_hal_tim.o
 .text.TIM_TI2_ConfigInputStage
                0x0000000008003ce0       0x5e ./Drivers/STM32F1xx_HAL_Driver/Src/stm32f1xx_hal_tim.o
 .text.TIM_ITRx_SetConfig
                0x0000000008003d3e       0x34 ./Drivers/STM32F1xx_HAL_Driver/Src/stm32f1xx_hal_tim.o
 .text.TIM_ETR_SetConfig
                0x0000000008003d72       0x3e ./Drivers/STM32F1xx_HAL_Driver/Src/stm32f1xx_hal_tim.o
                0x0000000008003d72                TIM_ETR_SetConfig
 .text.HAL_TIMEx_MasterConfigSynchronization
                0x0000000008003db0       0xbc ./Drivers/STM32F1xx_HAL_Driver/Src/stm32f1xx_hal_tim_ex.o
                0x0000000008003db0                HAL_TIMEx_MasterConfigSynchronization
 .text.HAL_TIMEx_CommutCallback
                0x0000000008003e6c       0x12 ./Drivers/STM32F1xx_HAL_Driver/Src/stm32f1xx_hal_tim_ex.o
                0x0000000008003e6c                HAL_TIMEx_CommutCallback
 .text.HAL_TIMEx_BreakCallback
                0x0000000008003e7e       0x12 ./Drivers/STM32F1xx_HAL_Driver/Src/stm32f1xx_hal_tim_ex.o
                0x0000000008003e7e                HAL_TIMEx_BreakCallback
 .text.__libc_init_array
                0x0000000008003e90       0x48 d:/stm32cubeide_1.7.0/stm32cubeide/plugins/com.st.stm32cube.ide.mcu.externaltools.gnu-tools-for-stm32.9-2020-q2-update.win32_2.0.0.202105311346/tools/bin/../lib/gcc/arm-none-eabi/9.3.1/../../../../arm-none-eabi/lib/thumb/v7-m/nofp\libc_nano.a(lib_a-init.o)
                0x0000000008003e90                __libc_init_array
 .text.memset   0x0000000008003ed8       0x10 d:/stm32cubeide_1.7.0/stm32cubeide/plugins/com.st.stm32cube.ide.mcu.externaltools.gnu-tools-for-stm32.9-2020-q2-update.win32_2.0.0.202105311346/tools/bin/../lib/gcc/arm-none-eabi/9.3.1/../../../../arm-none-eabi/lib/thumb/v7-m/nofp\libc_nano.a(lib_a-memset.o)
                0x0000000008003ed8                memset
 *(.glue_7)
 .glue_7        0x0000000008003ee8        0x0 linker stubs
 *(.glue_7t)
 .glue_7t       0x0000000008003ee8        0x0 linker stubs
 *(.eh_frame)
 .eh_frame      0x0000000008003ee8        0x0 d:/stm32cubeide_1.7.0/stm32cubeide/plugins/com.st.stm32cube.ide.mcu.externaltools.gnu-tools-for-stm32.9-2020-q2-update.win32_2.0.0.202105311346/tools/bin/../lib/gcc/arm-none-eabi/9.3.1/thumb/v7-m/nofp/crtbegin.o
 *(.init)
 .init          0x0000000008003ee8        0x4 d:/stm32cubeide_1.7.0/stm32cubeide/plugins/com.st.stm32cube.ide.mcu.externaltools.gnu-tools-for-stm32.9-2020-q2-update.win32_2.0.0.202105311346/tools/bin/../lib/gcc/arm-none-eabi/9.3.1/thumb/v7-m/nofp/crti.o
                0x0000000008003ee8                _init
 .init          0x0000000008003eec        0x8 d:/stm32cubeide_1.7.0/stm32cubeide/plugins/com.st.stm32cube.ide.mcu.externaltools.gnu-tools-for-stm32.9-2020-q2-update.win32_2.0.0.202105311346/tools/bin/../lib/gcc/arm-none-eabi/9.3.1/thumb/v7-m/nofp/crtn.o
 *(.fini)
 .fini          0x0000000008003ef4        0x4 d:/stm32cubeide_1.7.0/stm32cubeide/plugins/com.st.stm32cube.ide.mcu.externaltools.gnu-tools-for-stm32.9-2020-q2-update.win32_2.0.0.202105311346/tools/bin/../lib/gcc/arm-none-eabi/9.3.1/thumb/v7-m/nofp/crti.o
                0x0000000008003ef4                _fini
 .fini          0x0000000008003ef8        0x8 d:/stm32cubeide_1.7.0/stm32cubeide/plugins/com.st.stm32cube.ide.mcu.externaltools.gnu-tools-for-stm32.9-2020-q2-update.win32_2.0.0.202105311346/tools/bin/../lib/gcc/arm-none-eabi/9.3.1/thumb/v7-m/nofp/crtn.o
                0x0000000008003f00                . = ALIGN (0x4)
                0x0000000008003f00                _etext = .

.vfp11_veneer   0x0000000008003f00        0x0
 .vfp11_veneer  0x0000000008003f00        0x0 linker stubs

.v4_bx          0x0000000008003f00        0x0
 .v4_bx         0x0000000008003f00        0x0 linker stubs

.iplt           0x0000000008003f00        0x0
 .iplt          0x0000000008003f00        0x0 d:/stm32cubeide_1.7.0/stm32cubeide/plugins/com.st.stm32cube.ide.mcu.externaltools.gnu-tools-for-stm32.9-2020-q2-update.win32_2.0.0.202105311346/tools/bin/../lib/gcc/arm-none-eabi/9.3.1/thumb/v7-m/nofp/crtbegin.o

.rodata         0x0000000008003f00       0xa4
                0x0000000008003f00                . = ALIGN (0x4)
 *(.rodata)
 .rodata        0x0000000008003f00       0x75 ./Core/Src/lcd_i2c.o
 *(.rodata*)
 *fill*         0x0000000008003f75        0x3 
 .rodata.AHBPrescTable
                0x0000000008003f78       0x10 ./Core/Src/system_stm32f1xx.o
                0x0000000008003f78                AHBPrescTable
 .rodata.APBPrescTable
                0x0000000008003f88        0x8 ./Core/Src/system_stm32f1xx.o
                0x0000000008003f88                APBPrescTable
 .rodata.aPLLMULFactorTable.6283
                0x0000000008003f90       0x10 ./Drivers/STM32F1xx_HAL_Driver/Src/stm32f1xx_hal_rcc.o
 .rodata.aPredivFactorTable.6284
                0x0000000008003fa0        0x2 ./Drivers/STM32F1xx_HAL_Driver/Src/stm32f1xx_hal_rcc.o
                0x0000000008003fa4                . = ALIGN (0x4)
 *fill*         0x0000000008003fa2        0x2 

.rel.dyn        0x0000000008003fa4        0x0
 .rel.iplt      0x0000000008003fa4        0x0 d:/stm32cubeide_1.7.0/stm32cubeide/plugins/com.st.stm32cube.ide.mcu.externaltools.gnu-tools-for-stm32.9-2020-q2-update.win32_2.0.0.202105311346/tools/bin/../lib/gcc/arm-none-eabi/9.3.1/thumb/v7-m/nofp/crtbegin.o

.ARM.extab      0x0000000008003fa4        0x0
                0x0000000008003fa4                . = ALIGN (0x4)
 *(.ARM.extab* .gnu.linkonce.armextab.*)
                0x0000000008003fa4                . = ALIGN (0x4)

.ARM            0x0000000008003fa4        0x0
                0x0000000008003fa4                . = ALIGN (0x4)
                0x0000000008003fa4                __exidx_start = .
 *(.ARM.exidx*)
                0x0000000008003fa4                __exidx_end = .
                0x0000000008003fa4                . = ALIGN (0x4)

.preinit_array  0x0000000008003fa4        0x0
                0x0000000008003fa4                . = ALIGN (0x4)
                0x0000000008003fa4                PROVIDE (__preinit_array_start = .)
 *(.preinit_array*)
                0x0000000008003fa4                PROVIDE (__preinit_array_end = .)
                0x0000000008003fa4                . = ALIGN (0x4)

.init_array     0x0000000008003fa4        0x4
                0x0000000008003fa4                . = ALIGN (0x4)
                0x0000000008003fa4                PROVIDE (__init_array_start = .)
 *(SORT_BY_NAME(.init_array.*))
 *(.init_array*)
 .init_array    0x0000000008003fa4        0x4 d:/stm32cubeide_1.7.0/stm32cubeide/plugins/com.st.stm32cube.ide.mcu.externaltools.gnu-tools-for-stm32.9-2020-q2-update.win32_2.0.0.202105311346/tools/bin/../lib/gcc/arm-none-eabi/9.3.1/thumb/v7-m/nofp/crtbegin.o
                0x0000000008003fa8                PROVIDE (__init_array_end = .)
                0x0000000008003fa8                . = ALIGN (0x4)

.fini_array     0x0000000008003fa8        0x4
                0x0000000008003fa8                . = ALIGN (0x4)
                [!provide]                        PROVIDE (__fini_array_start = .)
 *(SORT_BY_NAME(.fini_array.*))
 *(.fini_array*)
 .fini_array    0x0000000008003fa8        0x4 d:/stm32cubeide_1.7.0/stm32cubeide/plugins/com.st.stm32cube.ide.mcu.externaltools.gnu-tools-for-stm32.9-2020-q2-update.win32_2.0.0.202105311346/tools/bin/../lib/gcc/arm-none-eabi/9.3.1/thumb/v7-m/nofp/crtbegin.o
                [!provide]                        PROVIDE (__fini_array_end = .)
                0x0000000008003fac                . = ALIGN (0x4)
                0x0000000008003fac                _sidata = LOADADDR (.data)

.data           0x0000000020000000       0x84 load address 0x0000000008003fac
                0x0000000020000000                . = ALIGN (0x4)
                0x0000000020000000                _sdata = .
 *(.data)
 *(.data*)
 .data.KeyReg0  0x0000000020000000       0x10 ./Core/Src/button.o
 .data.KeyReg1  0x0000000020000010       0x10 ./Core/Src/button.o
 .data.KeyReg2  0x0000000020000020       0x10 ./Core/Src/button.o
 .data.KeyReg3  0x0000000020000030       0x10 ./Core/Src/button.o
 .data.TimeOutForKeyPress
                0x0000000020000040       0x10 ./Core/Src/button.o
 .data.BUTTON_PORTS
                0x0000000020000050       0x10 ./Core/Src/button.o
 .data.BUTTON_PINS
                0x0000000020000060        0x8 ./Core/Src/button.o
 .data.light_state2
                0x0000000020000068        0x1 ./Core/Src/global.o
                0x0000000020000068                light_state2
 .data.Pre_Red_Counter
                0x0000000020000069        0x1 ./Core/Src/global.o
                0x0000000020000069                Pre_Red_Counter
 .data.Pre_Yellow_Counter
                0x000000002000006a        0x1 ./Core/Src/global.o
                0x000000002000006a                Pre_Yellow_Counter
 .data.Pre_Green_Counter
                0x000000002000006b        0x1 ./Core/Src/global.o
                0x000000002000006b                Pre_Green_Counter
 .data.Red_Counter
                0x000000002000006c        0x1 ./Core/Src/global.o
                0x000000002000006c                Red_Counter
 .data.Yellow_Counter
                0x000000002000006d        0x1 ./Core/Src/global.o
                0x000000002000006d                Yellow_Counter
 .data.Green_Counter
                0x000000002000006e        0x1 ./Core/Src/global.o
                0x000000002000006e                Green_Counter
 .data.Red_Counter_temp1
                0x000000002000006f        0x1 ./Core/Src/global.o
                0x000000002000006f                Red_Counter_temp1
 .data.Yellow_Counter_temp1
                0x0000000020000070        0x1 ./Core/Src/global.o
                0x0000000020000070                Yellow_Counter_temp1
 .data.Green_Counter_temp1
                0x0000000020000071        0x1 ./Core/Src/global.o
                0x0000000020000071                Green_Counter_temp1
 .data.Red_Counter_temp2
                0x0000000020000072        0x1 ./Core/Src/global.o
                0x0000000020000072                Red_Counter_temp2
 .data.Yellow_Counter_temp2
                0x0000000020000073        0x1 ./Core/Src/global.o
                0x0000000020000073                Yellow_Counter_temp2
 .data.Green_Counter_temp2
                0x0000000020000074        0x1 ./Core/Src/global.o
                0x0000000020000074                Green_Counter_temp2
 .data.blink    0x0000000020000075        0x1 ./Core/Src/global.o
                0x0000000020000075                blink
 *fill*         0x0000000020000076        0x2 
 .data.SystemCoreClock
                0x0000000020000078        0x4 ./Core/Src/system_stm32f1xx.o
                0x0000000020000078                SystemCoreClock
 .data.uwTickPrio
                0x000000002000007c        0x4 ./Drivers/STM32F1xx_HAL_Driver/Src/stm32f1xx_hal.o
                0x000000002000007c                uwTickPrio
 .data.uwTickFreq
                0x0000000020000080        0x1 ./Drivers/STM32F1xx_HAL_Driver/Src/stm32f1xx_hal.o
                0x0000000020000080                uwTickFreq
 *(.RamFunc)
 *(.RamFunc*)
                0x0000000020000084                . = ALIGN (0x4)
 *fill*         0x0000000020000081        0x3 
                0x0000000020000084                _edata = .

.igot.plt       0x0000000020000084        0x0 load address 0x0000000008004030
 .igot.plt      0x0000000020000084        0x0 d:/stm32cubeide_1.7.0/stm32cubeide/plugins/com.st.stm32cube.ide.mcu.externaltools.gnu-tools-for-stm32.9-2020-q2-update.win32_2.0.0.202105311346/tools/bin/../lib/gcc/arm-none-eabi/9.3.1/thumb/v7-m/nofp/crtbegin.o
                0x0000000020000084                . = ALIGN (0x4)

.bss            0x0000000020000084      0x500 load address 0x0000000008004030
                0x0000000020000084                _sbss = .
                0x0000000020000084                __bss_start__ = _sbss
 *(.bss)
 .bss           0x0000000020000084       0x1c d:/stm32cubeide_1.7.0/stm32cubeide/plugins/com.st.stm32cube.ide.mcu.externaltools.gnu-tools-for-stm32.9-2020-q2-update.win32_2.0.0.202105311346/tools/bin/../lib/gcc/arm-none-eabi/9.3.1/thumb/v7-m/nofp/crtbegin.o
 *(.bss*)
 .bss.button_long_pressed
                0x00000000200000a0       0x10 ./Core/Src/button.o
 .bss.button_flag
                0x00000000200000b0       0x10 ./Core/Src/button.o
 .bss.button_double_pressed
                0x00000000200000c0       0x10 ./Core/Src/button.o
                0x00000000200000c0                button_double_pressed
 .bss.press_count
                0x00000000200000d0       0x10 ./Core/Src/button.o
 .bss.double_press_timeout
                0x00000000200000e0       0x10 ./Core/Src/button.o
 .bss.button_auto_increase
                0x00000000200000f0       0x10 ./Core/Src/button.o
                0x00000000200000f0                button_auto_increase
 .bss.auto_increase_counter
                0x0000000020000100       0x10 ./Core/Src/button.o
 .bss.button_is_holding
                0x0000000020000110       0x10 ./Core/Src/button.o
 .bss.wait_switch_flag
                0x0000000020000120        0x1 ./Core/Src/fsm_manual.o
                0x0000000020000120                wait_switch_flag
 .bss.system_state
                0x0000000020000121        0x1 ./Core/Src/global.o
                0x0000000020000121                system_state
 .bss.setting_state
                0x0000000020000122        0x1 ./Core/Src/global.o
                0x0000000020000122                setting_state
 .bss.manual_state
                0x0000000020000123        0x1 ./Core/Src/global.o
                0x0000000020000123                manual_state
 .bss.light_state1
                0x0000000020000124        0x1 ./Core/Src/global.o
                0x0000000020000124                light_state1
 .bss.Manual_Wait_Second
                0x0000000020000125        0x1 ./Core/Src/global.o
                0x0000000020000125                Manual_Wait_Second
 *fill*         0x0000000020000126        0x2 
 .bss.currentTaskID
                0x0000000020000128        0x4 ./Core/Src/scheduler.o
                0x0000000020000128                currentTaskID
 .bss.timer0_counter
                0x000000002000012c        0x4 ./Core/Src/software_timer.o
                0x000000002000012c                timer0_counter
 .bss.timer1_counter
                0x0000000020000130        0x4 ./Core/Src/software_timer.o
                0x0000000020000130                timer1_counter
 .bss.timer2_counter
                0x0000000020000134        0x4 ./Core/Src/software_timer.o
                0x0000000020000134                timer2_counter
 .bss.timer3_counter
                0x0000000020000138        0x4 ./Core/Src/software_timer.o
                0x0000000020000138                timer3_counter
 .bss.timer0_flag
                0x000000002000013c        0x4 ./Core/Src/software_timer.o
                0x000000002000013c                timer0_flag
 .bss.timer1_flag
                0x0000000020000140        0x4 ./Core/Src/software_timer.o
                0x0000000020000140                timer1_flag
 .bss.timer2_flag
                0x0000000020000144        0x4 ./Core/Src/software_timer.o
                0x0000000020000144                timer2_flag
 .bss.timer3_flag
                0x0000000020000148        0x4 ./Core/Src/software_timer.o
                0x0000000020000148                timer3_flag
 *(COMMON)
 COMMON         0x000000002000014c       0x78 ./Core/Src/global.o
                0x000000002000014c                RGB_tl2
                0x0000000020000158                RGB_tl1
                0x0000000020000164                btn
 COMMON         0x00000000200001c4       0x9c ./Core/Src/main.o
                0x00000000200001c4                hi2c1
                0x0000000020000218                htim2
 COMMON         0x0000000020000260      0x320 ./Core/Src/scheduler.o
                0x0000000020000260                SCH_tasks_G
 COMMON         0x0000000020000580        0x4 ./Drivers/STM32F1xx_HAL_Driver/Src/stm32f1xx_hal.o
                0x0000000020000580                uwTick
                0x0000000020000584                . = ALIGN (0x4)
                0x0000000020000584                _ebss = .
                0x0000000020000584                __bss_end__ = _ebss

._user_heap_stack
                0x0000000020000584      0x604 load address 0x0000000008004030
                0x0000000020000588                . = ALIGN (0x8)
 *fill*         0x0000000020000584        0x4 
                [!provide]                        PROVIDE (end = .)
                0x0000000020000588                PROVIDE (_end = .)
                0x0000000020000788                . = (. + _Min_Heap_Size)
 *fill*         0x0000000020000588      0x200 
                0x0000000020000b88                . = (. + _Min_Stack_Size)
 *fill*         0x0000000020000788      0x400 
                0x0000000020000b88                . = ALIGN (0x8)

/DISCARD/
 libc.a(*)
 libm.a(*)
 libgcc.a(*)

.ARM.attributes
                0x0000000000000000       0x29
 *(.ARM.attributes)
 .ARM.attributes
                0x0000000000000000       0x1d d:/stm32cubeide_1.7.0/stm32cubeide/plugins/com.st.stm32cube.ide.mcu.externaltools.gnu-tools-for-stm32.9-2020-q2-update.win32_2.0.0.202105311346/tools/bin/../lib/gcc/arm-none-eabi/9.3.1/thumb/v7-m/nofp/crti.o
 .ARM.attributes
                0x000000000000001d       0x2d d:/stm32cubeide_1.7.0/stm32cubeide/plugins/com.st.stm32cube.ide.mcu.externaltools.gnu-tools-for-stm32.9-2020-q2-update.win32_2.0.0.202105311346/tools/bin/../lib/gcc/arm-none-eabi/9.3.1/thumb/v7-m/nofp/crtbegin.o
 .ARM.attributes
                0x000000000000004a       0x2d ./Core/Src/button.o
 .ARM.attributes
                0x0000000000000077       0x2d ./Core/Src/fsm_automatic.o
 .ARM.attributes
                0x00000000000000a4       0x2d ./Core/Src/fsm_manual.o
 .ARM.attributes
                0x00000000000000d1       0x2d ./Core/Src/fsm_tunning.o
 .ARM.attributes
                0x00000000000000fe       0x33 ./Core/Src/global.o
 .ARM.attributes
                0x0000000000000131       0x2d ./Core/Src/lcd_i2c.o
 .ARM.attributes
                0x000000000000015e       0x2d ./Core/Src/led_traffic.o
 .ARM.attributes
                0x000000000000018b       0x2d ./Core/Src/main.o
 .ARM.attributes
                0x00000000000001b8       0x2d ./Core/Src/scheduler.o
 .ARM.attributes
                0x00000000000001e5       0x2d ./Core/Src/software_timer.o
 .ARM.attributes
                0x0000000000000212       0x2d ./Core/Src/stm32f1xx_hal_msp.o
 .ARM.attributes
                0x000000000000023f       0x2d ./Core/Src/stm32f1xx_it.o
 .ARM.attributes
                0x000000000000026c       0x2d ./Core/Src/system_stm32f1xx.o
 .ARM.attributes
                0x0000000000000299       0x21 ./Core/Startup/startup_stm32f103rbtx.o
 .ARM.attributes
                0x00000000000002ba       0x2d ./Drivers/STM32F1xx_HAL_Driver/Src/stm32f1xx_hal.o
 .ARM.attributes
                0x00000000000002e7       0x2d ./Drivers/STM32F1xx_HAL_Driver/Src/stm32f1xx_hal_cortex.o
 .ARM.attributes
                0x0000000000000314       0x2d ./Drivers/STM32F1xx_HAL_Driver/Src/stm32f1xx_hal_gpio.o
 .ARM.attributes
                0x0000000000000341       0x2d ./Drivers/STM32F1xx_HAL_Driver/Src/stm32f1xx_hal_i2c.o
 .ARM.attributes
                0x000000000000036e       0x2d ./Drivers/STM32F1xx_HAL_Driver/Src/stm32f1xx_hal_rcc.o
 .ARM.attributes
                0x000000000000039b       0x2d ./Drivers/STM32F1xx_HAL_Driver/Src/stm32f1xx_hal_tim.o
 .ARM.attributes
                0x00000000000003c8       0x2d ./Drivers/STM32F1xx_HAL_Driver/Src/stm32f1xx_hal_tim_ex.o
 .ARM.attributes
                0x00000000000003f5       0x2d d:/stm32cubeide_1.7.0/stm32cubeide/plugins/com.st.stm32cube.ide.mcu.externaltools.gnu-tools-for-stm32.9-2020-q2-update.win32_2.0.0.202105311346/tools/bin/../lib/gcc/arm-none-eabi/9.3.1/../../../../arm-none-eabi/lib/thumb/v7-m/nofp\libc_nano.a(lib_a-init.o)
 .ARM.attributes
                0x0000000000000422       0x2d d:/stm32cubeide_1.7.0/stm32cubeide/plugins/com.st.stm32cube.ide.mcu.externaltools.gnu-tools-for-stm32.9-2020-q2-update.win32_2.0.0.202105311346/tools/bin/../lib/gcc/arm-none-eabi/9.3.1/../../../../arm-none-eabi/lib/thumb/v7-m/nofp\libc_nano.a(lib_a-memset.o)
 .ARM.attributes
                0x000000000000044f       0x1d d:/stm32cubeide_1.7.0/stm32cubeide/plugins/com.st.stm32cube.ide.mcu.externaltools.gnu-tools-for-stm32.9-2020-q2-update.win32_2.0.0.202105311346/tools/bin/../lib/gcc/arm-none-eabi/9.3.1/thumb/v7-m/nofp/crtn.o
OUTPUT(STM32.elf elf32-littlearm)
LOAD linker stubs
LOAD d:/stm32cubeide_1.7.0/stm32cubeide/plugins/com.st.stm32cube.ide.mcu.externaltools.gnu-tools-for-stm32.9-2020-q2-update.win32_2.0.0.202105311346/tools/bin/../lib/gcc/arm-none-eabi/9.3.1/../../../../arm-none-eabi/lib/thumb/v7-m/nofp\libc.a
LOAD d:/stm32cubeide_1.7.0/stm32cubeide/plugins/com.st.stm32cube.ide.mcu.externaltools.gnu-tools-for-stm32.9-2020-q2-update.win32_2.0.0.202105311346/tools/bin/../lib/gcc/arm-none-eabi/9.3.1/../../../../arm-none-eabi/lib/thumb/v7-m/nofp\libm.a
LOAD d:/stm32cubeide_1.7.0/stm32cubeide/plugins/com.st.stm32cube.ide.mcu.externaltools.gnu-tools-for-stm32.9-2020-q2-update.win32_2.0.0.202105311346/tools/bin/../lib/gcc/arm-none-eabi/9.3.1/thumb/v7-m/nofp\libgcc.a

.debug_info     0x0000000000000000     0xf526
 .debug_info    0x0000000000000000      0x4bf ./Core/Src/button.o
 .debug_info    0x00000000000004bf      0x9ff ./Core/Src/fsm_automatic.o
 .debug_info    0x0000000000000ebe      0xa11 ./Core/Src/fsm_manual.o
 .debug_info    0x00000000000018cf      0xa35 ./Core/Src/fsm_tunning.o
 .debug_info    0x0000000000002304      0x613 ./Core/Src/global.o
 .debug_info    0x0000000000002917      0xb4a ./Core/Src/lcd_i2c.o
 .debug_info    0x0000000000003461      0x581 ./Core/Src/led_traffic.o
 .debug_info    0x00000000000039e2     0x1151 ./Core/Src/main.o
 .debug_info    0x0000000000004b33      0x2d6 ./Core/Src/scheduler.o
 .debug_info    0x0000000000004e09      0x1c6 ./Core/Src/software_timer.o
 .debug_info    0x0000000000004fcf      0xe68 ./Core/Src/stm32f1xx_hal_msp.o
 .debug_info    0x0000000000005e37      0x7b9 ./Core/Src/stm32f1xx_it.o
 .debug_info    0x00000000000065f0      0x2be ./Core/Src/system_stm32f1xx.o
 .debug_info    0x00000000000068ae       0x22 ./Core/Startup/startup_stm32f103rbtx.o
 .debug_info    0x00000000000068d0      0x76a ./Drivers/STM32F1xx_HAL_Driver/Src/stm32f1xx_hal.o
 .debug_info    0x000000000000703a      0xbdc ./Drivers/STM32F1xx_HAL_Driver/Src/stm32f1xx_hal_cortex.o
 .debug_info    0x0000000000007c16      0x701 ./Drivers/STM32F1xx_HAL_Driver/Src/stm32f1xx_hal_gpio.o
 .debug_info    0x0000000000008317     0x27cb ./Drivers/STM32F1xx_HAL_Driver/Src/stm32f1xx_hal_i2c.o
 .debug_info    0x000000000000aae2      0x893 ./Drivers/STM32F1xx_HAL_Driver/Src/stm32f1xx_hal_rcc.o
 .debug_info    0x000000000000b375     0x2c32 ./Drivers/STM32F1xx_HAL_Driver/Src/stm32f1xx_hal_tim.o
 .debug_info    0x000000000000dfa7     0x157f ./Drivers/STM32F1xx_HAL_Driver/Src/stm32f1xx_hal_tim_ex.o

.debug_abbrev   0x0000000000000000     0x24e4
 .debug_abbrev  0x0000000000000000      0x1c4 ./Core/Src/button.o
 .debug_abbrev  0x00000000000001c4      0x172 ./Core/Src/fsm_automatic.o
 .debug_abbrev  0x0000000000000336      0x189 ./Core/Src/fsm_manual.o
 .debug_abbrev  0x00000000000004bf      0x15a ./Core/Src/fsm_tunning.o
 .debug_abbrev  0x0000000000000619      0x138 ./Core/Src/global.o
 .debug_abbrev  0x0000000000000751      0x1dd ./Core/Src/lcd_i2c.o
 .debug_abbrev  0x000000000000092e      0x17b ./Core/Src/led_traffic.o
 .debug_abbrev  0x0000000000000aa9      0x2ad ./Core/Src/main.o
 .debug_abbrev  0x0000000000000d56      0x188 ./Core/Src/scheduler.o
 .debug_abbrev  0x0000000000000ede       0xc1 ./Core/Src/software_timer.o
 .debug_abbrev  0x0000000000000f9f      0x1c8 ./Core/Src/stm32f1xx_hal_msp.o
 .debug_abbrev  0x0000000000001167      0x176 ./Core/Src/stm32f1xx_it.o
 .debug_abbrev  0x00000000000012dd      0x14e ./Core/Src/system_stm32f1xx.o
 .debug_abbrev  0x000000000000142b       0x12 ./Core/Startup/startup_stm32f103rbtx.o
 .debug_abbrev  0x000000000000143d      0x1ed ./Drivers/STM32F1xx_HAL_Driver/Src/stm32f1xx_hal.o
 .debug_abbrev  0x000000000000162a      0x313 ./Drivers/STM32F1xx_HAL_Driver/Src/stm32f1xx_hal_cortex.o
 .debug_abbrev  0x000000000000193d      0x1e8 ./Drivers/STM32F1xx_HAL_Driver/Src/stm32f1xx_hal_gpio.o
 .debug_abbrev  0x0000000000001b25      0x288 ./Drivers/STM32F1xx_HAL_Driver/Src/stm32f1xx_hal_i2c.o
 .debug_abbrev  0x0000000000001dad      0x273 ./Drivers/STM32F1xx_HAL_Driver/Src/stm32f1xx_hal_rcc.o
 .debug_abbrev  0x0000000000002020      0x25e ./Drivers/STM32F1xx_HAL_Driver/Src/stm32f1xx_hal_tim.o
 .debug_abbrev  0x000000000000227e      0x266 ./Drivers/STM32F1xx_HAL_Driver/Src/stm32f1xx_hal_tim_ex.o

.debug_aranges  0x0000000000000000      0xe20
 .debug_aranges
                0x0000000000000000       0x58 ./Core/Src/button.o
 .debug_aranges
                0x0000000000000058       0x28 ./Core/Src/fsm_automatic.o
 .debug_aranges
                0x0000000000000080       0x28 ./Core/Src/fsm_manual.o
 .debug_aranges
                0x00000000000000a8       0x40 ./Core/Src/fsm_tunning.o
 .debug_aranges
                0x00000000000000e8       0x18 ./Core/Src/global.o
 .debug_aranges
                0x0000000000000100       0x70 ./Core/Src/lcd_i2c.o
 .debug_aranges
                0x0000000000000170       0x38 ./Core/Src/led_traffic.o
 .debug_aranges
                0x00000000000001a8       0x50 ./Core/Src/main.o
 .debug_aranges
                0x00000000000001f8       0x48 ./Core/Src/scheduler.o
 .debug_aranges
                0x0000000000000240       0x40 ./Core/Src/software_timer.o
 .debug_aranges
                0x0000000000000280       0x40 ./Core/Src/stm32f1xx_hal_msp.o
 .debug_aranges
                0x00000000000002c0       0x68 ./Core/Src/stm32f1xx_it.o
 .debug_aranges
                0x0000000000000328       0x28 ./Core/Src/system_stm32f1xx.o
 .debug_aranges
                0x0000000000000350       0x28 ./Core/Startup/startup_stm32f103rbtx.o
 .debug_aranges
                0x0000000000000378       0xe0 ./Drivers/STM32F1xx_HAL_Driver/Src/stm32f1xx_hal.o
 .debug_aranges
                0x0000000000000458      0x100 ./Drivers/STM32F1xx_HAL_Driver/Src/stm32f1xx_hal_cortex.o
 .debug_aranges
                0x0000000000000558       0x58 ./Drivers/STM32F1xx_HAL_Driver/Src/stm32f1xx_hal_gpio.o
 .debug_aranges
                0x00000000000005b0      0x2a8 ./Drivers/STM32F1xx_HAL_Driver/Src/stm32f1xx_hal_i2c.o
 .debug_aranges
                0x0000000000000858       0x90 ./Drivers/STM32F1xx_HAL_Driver/Src/stm32f1xx_hal_rcc.o
 .debug_aranges
                0x00000000000008e8      0x3d0 ./Drivers/STM32F1xx_HAL_Driver/Src/stm32f1xx_hal_tim.o
 .debug_aranges
                0x0000000000000cb8      0x168 ./Drivers/STM32F1xx_HAL_Driver/Src/stm32f1xx_hal_tim_ex.o

.debug_ranges   0x0000000000000000      0xce8
 .debug_ranges  0x0000000000000000       0x48 ./Core/Src/button.o
 .debug_ranges  0x0000000000000048       0x18 ./Core/Src/fsm_automatic.o
 .debug_ranges  0x0000000000000060       0x18 ./Core/Src/fsm_manual.o
 .debug_ranges  0x0000000000000078       0x30 ./Core/Src/fsm_tunning.o
 .debug_ranges  0x00000000000000a8       0x60 ./Core/Src/lcd_i2c.o
 .debug_ranges  0x0000000000000108       0x28 ./Core/Src/led_traffic.o
 .debug_ranges  0x0000000000000130       0x40 ./Core/Src/main.o
 .debug_ranges  0x0000000000000170       0x38 ./Core/Src/scheduler.o
 .debug_ranges  0x00000000000001a8       0x30 ./Core/Src/software_timer.o
 .debug_ranges  0x00000000000001d8       0x30 ./Core/Src/stm32f1xx_hal_msp.o
 .debug_ranges  0x0000000000000208       0x58 ./Core/Src/stm32f1xx_it.o
 .debug_ranges  0x0000000000000260       0x18 ./Core/Src/system_stm32f1xx.o
 .debug_ranges  0x0000000000000278       0x20 ./Core/Startup/startup_stm32f103rbtx.o
 .debug_ranges  0x0000000000000298       0xd0 ./Drivers/STM32F1xx_HAL_Driver/Src/stm32f1xx_hal.o
 .debug_ranges  0x0000000000000368       0xf0 ./Drivers/STM32F1xx_HAL_Driver/Src/stm32f1xx_hal_cortex.o
 .debug_ranges  0x0000000000000458       0x48 ./Drivers/STM32F1xx_HAL_Driver/Src/stm32f1xx_hal_gpio.o
 .debug_ranges  0x00000000000004a0      0x2b0 ./Drivers/STM32F1xx_HAL_Driver/Src/stm32f1xx_hal_i2c.o
 .debug_ranges  0x0000000000000750       0x80 ./Drivers/STM32F1xx_HAL_Driver/Src/stm32f1xx_hal_rcc.o
 .debug_ranges  0x00000000000007d0      0x3c0 ./Drivers/STM32F1xx_HAL_Driver/Src/stm32f1xx_hal_tim.o
 .debug_ranges  0x0000000000000b90      0x158 ./Drivers/STM32F1xx_HAL_Driver/Src/stm32f1xx_hal_tim_ex.o

.debug_macro    0x0000000000000000    0x17adb
 .debug_macro   0x0000000000000000      0x1d3 ./Core/Src/button.o
 .debug_macro   0x00000000000001d3      0xa9c ./Core/Src/button.o
 .debug_macro   0x0000000000000c6f      0x21b ./Core/Src/button.o
 .debug_macro   0x0000000000000e8a       0x2e ./Core/Src/button.o
 .debug_macro   0x0000000000000eb8       0x22 ./Core/Src/button.o
 .debug_macro   0x0000000000000eda       0x22 ./Core/Src/button.o
 .debug_macro   0x0000000000000efc       0x8e ./Core/Src/button.o
 .debug_macro   0x0000000000000f8a       0x51 ./Core/Src/button.o
 .debug_macro   0x0000000000000fdb      0x103 ./Core/Src/button.o
 .debug_macro   0x00000000000010de       0x6a ./Core/Src/button.o
 .debug_macro   0x0000000000001148      0x1df ./Core/Src/button.o
 .debug_macro   0x0000000000001327       0x1c ./Core/Src/button.o
 .debug_macro   0x0000000000001343       0x22 ./Core/Src/button.o
 .debug_macro   0x0000000000001365       0xc3 ./Core/Src/button.o
 .debug_macro   0x0000000000001428      0xd23 ./Core/Src/button.o
 .debug_macro   0x000000000000214b     0xe09e ./Core/Src/button.o
 .debug_macro   0x00000000000101e9       0x6d ./Core/Src/button.o
 .debug_macro   0x0000000000010256     0x34a2 ./Core/Src/button.o
 .debug_macro   0x00000000000136f8      0x174 ./Core/Src/button.o
 .debug_macro   0x000000000001386c       0x5c ./Core/Src/button.o
 .debug_macro   0x00000000000138c8      0x5bc ./Core/Src/button.o
 .debug_macro   0x0000000000013e84      0x289 ./Core/Src/button.o
 .debug_macro   0x000000000001410d      0x1cb ./Core/Src/button.o
 .debug_macro   0x00000000000142d8      0x114 ./Core/Src/button.o
 .debug_macro   0x00000000000143ec      0x1b2 ./Core/Src/button.o
 .debug_macro   0x000000000001459e       0x27 ./Core/Src/button.o
 .debug_macro   0x00000000000145c5      0x136 ./Core/Src/button.o
 .debug_macro   0x00000000000146fb      0x1bc ./Core/Src/button.o
 .debug_macro   0x00000000000148b7       0x34 ./Core/Src/button.o
 .debug_macro   0x00000000000148eb       0x3c ./Core/Src/button.o
 .debug_macro   0x0000000000014927       0x57 ./Core/Src/button.o
 .debug_macro   0x000000000001497e       0x87 ./Core/Src/button.o
 .debug_macro   0x0000000000014a05      0x240 ./Core/Src/button.o
 .debug_macro   0x0000000000014c45      0x287 ./Core/Src/button.o
 .debug_macro   0x0000000000014ecc      0x140 ./Core/Src/button.o
 .debug_macro   0x000000000001500c      0x8ed ./Core/Src/button.o
 .debug_macro   0x00000000000158f9       0x83 ./Core/Src/button.o
 .debug_macro   0x000000000001597c       0x64 ./Core/Src/button.o
 .debug_macro   0x00000000000159e0       0x16 ./Core/Src/button.o
 .debug_macro   0x00000000000159f6      0x1f1 ./Core/Src/fsm_automatic.o
 .debug_macro   0x0000000000015be7       0x88 ./Core/Src/fsm_automatic.o
 .debug_macro   0x0000000000015c6f       0x10 ./Core/Src/fsm_automatic.o
 .debug_macro   0x0000000000015c7f      0x1f1 ./Core/Src/fsm_manual.o
 .debug_macro   0x0000000000015e70      0x1fb ./Core/Src/fsm_tunning.o
 .debug_macro   0x000000000001606b      0x1c1 ./Core/Src/global.o
 .debug_macro   0x000000000001622c       0x82 ./Core/Src/global.o
 .debug_macro   0x00000000000162ae      0x1cb ./Core/Src/lcd_i2c.o
 .debug_macro   0x0000000000016479      0x1c5 ./Core/Src/led_traffic.o
 .debug_macro   0x000000000001663e      0x231 ./Core/Src/main.o
 .debug_macro   0x000000000001686f       0x10 ./Core/Src/main.o
 .debug_macro   0x000000000001687f       0x79 ./Core/Src/scheduler.o
 .debug_macro   0x00000000000168f8       0x6d ./Core/Src/software_timer.o
 .debug_macro   0x0000000000016965      0x1b2 ./Core/Src/stm32f1xx_hal_msp.o
 .debug_macro   0x0000000000016b17      0x1bc ./Core/Src/stm32f1xx_it.o
 .debug_macro   0x0000000000016cd3      0x1a3 ./Core/Src/system_stm32f1xx.o
 .debug_macro   0x0000000000016e76      0x1c7 ./Drivers/STM32F1xx_HAL_Driver/Src/stm32f1xx_hal.o
 .debug_macro   0x000000000001703d      0x1a3 ./Drivers/STM32F1xx_HAL_Driver/Src/stm32f1xx_hal_cortex.o
 .debug_macro   0x00000000000171e0      0x20e ./Drivers/STM32F1xx_HAL_Driver/Src/stm32f1xx_hal_gpio.o
 .debug_macro   0x00000000000173ee      0x1f1 ./Drivers/STM32F1xx_HAL_Driver/Src/stm32f1xx_hal_i2c.o
 .debug_macro   0x00000000000175df      0x1b5 ./Drivers/STM32F1xx_HAL_Driver/Src/stm32f1xx_hal_rcc.o
 .debug_macro   0x0000000000017794      0x1a4 ./Drivers/STM32F1xx_HAL_Driver/Src/stm32f1xx_hal_tim.o
 .debug_macro   0x0000000000017938      0x1a3 ./Drivers/STM32F1xx_HAL_Driver/Src/stm32f1xx_hal_tim_ex.o

.debug_line     0x0000000000000000    0x11163
 .debug_line    0x0000000000000000      0x904 ./Core/Src/button.o
 .debug_line    0x0000000000000904      0x803 ./Core/Src/fsm_automatic.o
 .debug_line    0x0000000000001107      0x794 ./Core/Src/fsm_manual.o
 .debug_line    0x000000000000189b      0x8bb ./Core/Src/fsm_tunning.o
 .debug_line    0x0000000000002156      0x658 ./Core/Src/global.o
 .debug_line    0x00000000000027ae      0x871 ./Core/Src/lcd_i2c.o
 .debug_line    0x000000000000301f      0x6fa ./Core/Src/led_traffic.o
 .debug_line    0x0000000000003719      0x873 ./Core/Src/main.o
 .debug_line    0x0000000000003f8c      0x602 ./Core/Src/scheduler.o
 .debug_line    0x000000000000458e      0x460 ./Core/Src/software_timer.o
 .debug_line    0x00000000000049ee      0x6f7 ./Core/Src/stm32f1xx_hal_msp.o
 .debug_line    0x00000000000050e5      0x74a ./Core/Src/stm32f1xx_it.o
 .debug_line    0x000000000000582f      0x6ee ./Core/Src/system_stm32f1xx.o
 .debug_line    0x0000000000005f1d       0x86 ./Core/Startup/startup_stm32f103rbtx.o
 .debug_line    0x0000000000005fa3      0x91b ./Drivers/STM32F1xx_HAL_Driver/Src/stm32f1xx_hal.o
 .debug_line    0x00000000000068be      0xb03 ./Drivers/STM32F1xx_HAL_Driver/Src/stm32f1xx_hal_cortex.o
 .debug_line    0x00000000000073c1      0x9b4 ./Drivers/STM32F1xx_HAL_Driver/Src/stm32f1xx_hal_gpio.o
 .debug_line    0x0000000000007d75     0x3ab1 ./Drivers/STM32F1xx_HAL_Driver/Src/stm32f1xx_hal_i2c.o
 .debug_line    0x000000000000b826      0xd27 ./Drivers/STM32F1xx_HAL_Driver/Src/stm32f1xx_hal_rcc.o
 .debug_line    0x000000000000c54d     0x33b5 ./Drivers/STM32F1xx_HAL_Driver/Src/stm32f1xx_hal_tim.o
 .debug_line    0x000000000000f902     0x1861 ./Drivers/STM32F1xx_HAL_Driver/Src/stm32f1xx_hal_tim_ex.o

.debug_str      0x0000000000000000    0x8741f
 .debug_str     0x0000000000000000    0x833e1 ./Core/Src/button.o
                                      0x8375f (size before relaxing)
 .debug_str     0x00000000000833e1      0x8f2 ./Core/Src/fsm_automatic.o
                                      0x83f2a (size before relaxing)
 .debug_str     0x0000000000083cd3       0x58 ./Core/Src/fsm_manual.o
                                      0x83f2a (size before relaxing)
 .debug_str     0x0000000000083d2b       0x87 ./Core/Src/fsm_tunning.o
                                      0x83f6f (size before relaxing)
 .debug_str     0x0000000000083db2       0x1f ./Core/Src/global.o
                                      0x839a5 (size before relaxing)
 .debug_str     0x0000000000083dd1       0xea ./Core/Src/lcd_i2c.o
                                      0x83eff (size before relaxing)
 .debug_str     0x0000000000083ebb       0x72 ./Core/Src/led_traffic.o
                                      0x83a12 (size before relaxing)
 .debug_str     0x0000000000083f2d      0x562 ./Core/Src/main.o
                                      0x844f7 (size before relaxing)
 .debug_str     0x000000000008448f       0xd4 ./Core/Src/scheduler.o
                                       0x3d9f (size before relaxing)
 .debug_str     0x0000000000084563       0x94 ./Core/Src/software_timer.o
                                       0x3d3c (size before relaxing)
 .debug_str     0x00000000000845f7      0x31b ./Core/Src/stm32f1xx_hal_msp.o
                                      0x8403f (size before relaxing)
 .debug_str     0x0000000000084912       0xcd ./Core/Src/stm32f1xx_it.o
                                      0x83a6a (size before relaxing)
 .debug_str     0x00000000000849df       0x52 ./Core/Src/system_stm32f1xx.o
                                      0x833df (size before relaxing)
 .debug_str     0x0000000000084a31       0x36 ./Core/Startup/startup_stm32f103rbtx.o
                                         0x5c (size before relaxing)
 .debug_str     0x0000000000084a67      0x304 ./Drivers/STM32F1xx_HAL_Driver/Src/stm32f1xx_hal.o
                                      0x83a70 (size before relaxing)
 .debug_str     0x0000000000084d6b      0x300 ./Drivers/STM32F1xx_HAL_Driver/Src/stm32f1xx_hal_cortex.o
                                      0x83a78 (size before relaxing)
 .debug_str     0x000000000008506b      0x316 ./Drivers/STM32F1xx_HAL_Driver/Src/stm32f1xx_hal_gpio.o
                                      0x837a3 (size before relaxing)
 .debug_str     0x0000000000085381      0xb9a ./Drivers/STM32F1xx_HAL_Driver/Src/stm32f1xx_hal_i2c.o
                                      0x8446e (size before relaxing)
 .debug_str     0x0000000000085f1b      0x244 ./Drivers/STM32F1xx_HAL_Driver/Src/stm32f1xx_hal_rcc.o
                                      0x837dc (size before relaxing)
 .debug_str     0x000000000008615f      0xdd2 ./Drivers/STM32F1xx_HAL_Driver/Src/stm32f1xx_hal_tim.o
                                      0x847c5 (size before relaxing)
 .debug_str     0x0000000000086f31      0x4ee ./Drivers/STM32F1xx_HAL_Driver/Src/stm32f1xx_hal_tim_ex.o
                                      0x83f66 (size before relaxing)

.comment        0x0000000000000000       0x53
 .comment       0x0000000000000000       0x53 ./Core/Src/button.o
                                         0x54 (size before relaxing)
 .comment       0x0000000000000053       0x54 ./Core/Src/fsm_automatic.o
 .comment       0x0000000000000053       0x54 ./Core/Src/fsm_manual.o
 .comment       0x0000000000000053       0x54 ./Core/Src/fsm_tunning.o
 .comment       0x0000000000000053       0x54 ./Core/Src/global.o
 .comment       0x0000000000000053       0x54 ./Core/Src/lcd_i2c.o
 .comment       0x0000000000000053       0x54 ./Core/Src/led_traffic.o
 .comment       0x0000000000000053       0x54 ./Core/Src/main.o
 .comment       0x0000000000000053       0x54 ./Core/Src/scheduler.o
 .comment       0x0000000000000053       0x54 ./Core/Src/software_timer.o
 .comment       0x0000000000000053       0x54 ./Core/Src/stm32f1xx_hal_msp.o
 .comment       0x0000000000000053       0x54 ./Core/Src/stm32f1xx_it.o
 .comment       0x0000000000000053       0x54 ./Core/Src/system_stm32f1xx.o
 .comment       0x0000000000000053       0x54 ./Drivers/STM32F1xx_HAL_Driver/Src/stm32f1xx_hal.o
 .comment       0x0000000000000053       0x54 ./Drivers/STM32F1xx_HAL_Driver/Src/stm32f1xx_hal_cortex.o
 .comment       0x0000000000000053       0x54 ./Drivers/STM32F1xx_HAL_Driver/Src/stm32f1xx_hal_gpio.o
 .comment       0x0000000000000053       0x54 ./Drivers/STM32F1xx_HAL_Driver/Src/stm32f1xx_hal_i2c.o
 .comment       0x0000000000000053       0x54 ./Drivers/STM32F1xx_HAL_Driver/Src/stm32f1xx_hal_rcc.o
 .comment       0x0000000000000053       0x54 ./Drivers/STM32F1xx_HAL_Driver/Src/stm32f1xx_hal_tim.o
 .comment       0x0000000000000053       0x54 ./Drivers/STM32F1xx_HAL_Driver/Src/stm32f1xx_hal_tim_ex.o

.debug_frame    0x0000000000000000     0x390c
 .debug_frame   0x0000000000000000      0x14c ./Core/Src/button.o
 .debug_frame   0x000000000000014c       0x4c ./Core/Src/fsm_automatic.o
 .debug_frame   0x0000000000000198       0x4c ./Core/Src/fsm_manual.o
 .debug_frame   0x00000000000001e4       0x9c ./Core/Src/fsm_tunning.o
 .debug_frame   0x0000000000000280      0x16c ./Core/Src/lcd_i2c.o
 .debug_frame   0x00000000000003ec       0xa8 ./Core/Src/led_traffic.o
 .debug_frame   0x0000000000000494       0xf4 ./Core/Src/main.o
 .debug_frame   0x0000000000000588       0xf4 ./Core/Src/scheduler.o
 .debug_frame   0x000000000000067c       0xd0 ./Core/Src/software_timer.o
 .debug_frame   0x000000000000074c       0xc8 ./Core/Src/stm32f1xx_hal_msp.o
 .debug_frame   0x0000000000000814      0x120 ./Core/Src/stm32f1xx_it.o
 .debug_frame   0x0000000000000934       0x58 ./Core/Src/system_stm32f1xx.o
 .debug_frame   0x000000000000098c      0x334 ./Drivers/STM32F1xx_HAL_Driver/Src/stm32f1xx_hal.o
 .debug_frame   0x0000000000000cc0      0x428 ./Drivers/STM32F1xx_HAL_Driver/Src/stm32f1xx_hal_cortex.o
 .debug_frame   0x00000000000010e8      0x14c ./Drivers/STM32F1xx_HAL_Driver/Src/stm32f1xx_hal_gpio.o
 .debug_frame   0x0000000000001234      0xc84 ./Drivers/STM32F1xx_HAL_Driver/Src/stm32f1xx_hal_i2c.o
 .debug_frame   0x0000000000001eb8      0x218 ./Drivers/STM32F1xx_HAL_Driver/Src/stm32f1xx_hal_rcc.o
 .debug_frame   0x00000000000020d0     0x11b8 ./Drivers/STM32F1xx_HAL_Driver/Src/stm32f1xx_hal_tim.o
 .debug_frame   0x0000000000003288      0x638 ./Drivers/STM32F1xx_HAL_Driver/Src/stm32f1xx_hal_tim_ex.o
 .debug_frame   0x00000000000038c0       0x2c d:/stm32cubeide_1.7.0/stm32cubeide/plugins/com.st.stm32cube.ide.mcu.externaltools.gnu-tools-for-stm32.9-2020-q2-update.win32_2.0.0.202105311346/tools/bin/../lib/gcc/arm-none-eabi/9.3.1/../../../../arm-none-eabi/lib/thumb/v7-m/nofp\libc_nano.a(lib_a-init.o)
 .debug_frame   0x00000000000038ec       0x20 d:/stm32cubeide_1.7.0/stm32cubeide/plugins/com.st.stm32cube.ide.mcu.externaltools.gnu-tools-for-stm32.9-2020-q2-update.win32_2.0.0.202105311346/tools/bin/../lib/gcc/arm-none-eabi/9.3.1/../../../../arm-none-eabi/lib/thumb/v7-m/nofp\libc_nano.a(lib_a-memset.o)
