19:01:29 **** Clean-only build of configuration Debug for project STM32 ****
make -j4 clean 
rm -rf  STM32.hex  default.size.stdout  STM32.list  STM32.elf  ./Drivers/STM32F1xx_HAL_Driver/Src/stm32f1xx_hal.o ./Drivers/STM32F1xx_HAL_Driver/Src/stm32f1xx_hal_cortex.o ./Drivers/STM32F1xx_HAL_Driver/Src/stm32f1xx_hal_dma.o ./Drivers/STM32F1xx_HAL_Driver/Src/stm32f1xx_hal_exti.o ./Drivers/STM32F1xx_HAL_Driver/Src/stm32f1xx_hal_flash.o ./Drivers/STM32F1xx_HAL_Driver/Src/stm32f1xx_hal_flash_ex.o ./Drivers/STM32F1xx_HAL_Driver/Src/stm32f1xx_hal_gpio.o ./Drivers/STM32F1xx_HAL_Driver/Src/stm32f1xx_hal_gpio_ex.o ./Drivers/STM32F1xx_HAL_Driver/Src/stm32f1xx_hal_i2c.o ./Drivers/STM32F1xx_HAL_Driver/Src/stm32f1xx_hal_pwr.o ./Drivers/STM32F1xx_HAL_Driver/Src/stm32f1xx_hal_rcc.o ./Drivers/STM32F1xx_HAL_Driver/Src/stm32f1xx_hal_rcc_ex.o ./Drivers/STM32F1xx_HAL_Driver/Src/stm32f1xx_hal_tim.o ./Drivers/STM32F1xx_HAL_Driver/Src/stm32f1xx_hal_tim_ex.o  ./Core/Startup/startup_stm32f103rbtx.o  ./Core/Src/button.o ./Core/Src/fsm_automatic.o ./Core/Src/fsm_manual.o ./Core/Src/fsm_tunning.o ./Core/Src/global.o ./Core/Src/lcd_i2c.o ./Core/Src/led_traffic.o ./Core/Src/main.o ./Core/Src/scheduler.o ./Core/Src/software_timer.o ./Core/Src/stm32f1xx_hal_msp.o ./Core/Src/stm32f1xx_it.o ./Core/Src/syscalls.o ./Core/Src/sysmem.o ./Core/Src/system_stm32f1xx.o  ./Core/Startup/startup_stm32f103rbtx.d  ./Drivers/STM32F1xx_HAL_Driver/Src/stm32f1xx_hal.d ./Drivers/STM32F1xx_HAL_Driver/Src/stm32f1xx_hal_cortex.d ./Drivers/STM32F1xx_HAL_Driver/Src/stm32f1xx_hal_dma.d ./Drivers/STM32F1xx_HAL_Driver/Src/stm32f1xx_hal_exti.d ./Drivers/STM32F1xx_HAL_Driver/Src/stm32f1xx_hal_flash.d ./Drivers/STM32F1xx_HAL_Driver/Src/stm32f1xx_hal_flash_ex.d ./Drivers/STM32F1xx_HAL_Driver/Src/stm32f1xx_hal_gpio.d ./Drivers/STM32F1xx_HAL_Driver/Src/stm32f1xx_hal_gpio_ex.d ./Drivers/STM32F1xx_HAL_Driver/Src/stm32f1xx_hal_i2c.d ./Drivers/STM32F1xx_HAL_Driver/Src/stm32f1xx_hal_pwr.d ./Drivers/STM32F1xx_HAL_Driver/Src/stm32f1xx_hal_rcc.d ./Drivers/STM32F1xx_HAL_Driver/Src/stm32f1xx_hal_rcc_ex.d ./Drivers/STM32F1xx_HAL_Driver/Src/stm32f1xx_hal_tim.d ./Drivers/STM32F1xx_HAL_Driver/Src/stm32f1xx_hal_tim_ex.d  ./Core/Src/button.d ./Core/Src/fsm_automatic.d ./Core/Src/fsm_manual.d ./Core/Src/fsm_tunning.d ./Core/Src/global.d ./Core/Src/lcd_i2c.d ./Core/Src/led_traffic.d ./Core/Src/main.d ./Core/Src/scheduler.d ./Core/Src/software_timer.d ./Core/Src/stm32f1xx_hal_msp.d ./Core/Src/stm32f1xx_it.d ./Core/Src/syscalls.d ./Core/Src/sysmem.d ./Core/Src/system_stm32f1xx.d  STM32.bin  STM32.elf
 
19:01:30 **** Build of configuration Debug for project STM32 ****
make -j4 all 
arm-none-eabi-gcc "../Drivers/STM32F1xx_HAL_Driver/Src/stm32f1xx_hal.c" -mcpu=cortex-m3 -std=gnu11 -g3 -DDEBUG -DUSE_HAL_DRIVER -DSTM32F103xB -c -I../Core/Inc -I../Drivers/STM32F1xx_HAL_Driver/Inc -I../Drivers/STM32F1xx_HAL_Driver/Inc/Legacy -I../Drivers/CMSIS/Device/ST/STM32F1xx/Include -I../Drivers/CMSIS/Include -O0 -ffunction-sections -fdata-sections -Wall -fstack-usage -MMD -MP -MF"Drivers/STM32F1xx_HAL_Driver/Src/stm32f1xx_hal.d" -MT"Drivers/STM32F1xx_HAL_Driver/Src/stm32f1xx_hal.o" --specs=nano.specs -mfloat-abi=soft -mthumb -o "Drivers/STM32F1xx_HAL_Driver/Src/stm32f1xx_hal.o"
arm-none-eabi-gcc "../Drivers/STM32F1xx_HAL_Driver/Src/stm32f1xx_hal_cortex.c" -mcpu=cortex-m3 -std=gnu11 -g3 -DDEBUG -DUSE_HAL_DRIVER -DSTM32F103xB -c -I../Core/Inc -I../Drivers/STM32F1xx_HAL_Driver/Inc -I../Drivers/STM32F1xx_HAL_Driver/Inc/Legacy -I../Drivers/CMSIS/Device/ST/STM32F1xx/Include -I../Drivers/CMSIS/Include -O0 -ffunction-sections -fdata-sections -Wall -fstack-usage -MMD -MP -MF"Drivers/STM32F1xx_HAL_Driver/Src/stm32f1xx_hal_cortex.d" -MT"Drivers/STM32F1xx_HAL_Driver/Src/stm32f1xx_hal_cortex.o" --specs=nano.specs -mfloat-abi=soft -mthumb -o "Drivers/STM32F1xx_HAL_Driver/Src/stm32f1xx_hal_cortex.o"
arm-none-eabi-gcc "../Drivers/STM32F1xx_HAL_Driver/Src/stm32f1xx_hal_dma.c" -mcpu=cortex-m3 -std=gnu11 -g3 -DDEBUG -DUSE_HAL_DRIVER -DSTM32F103xB -c -I../Core/Inc -I../Drivers/STM32F1xx_HAL_Driver/Inc -I../Drivers/STM32F1xx_HAL_Driver/Inc/Legacy -I../Drivers/CMSIS/Device/ST/STM32F1xx/Include -I../Drivers/CMSIS/Include -O0 -ffunction-sections -fdata-sections -Wall -fstack-usage -MMD -MP -MF"Drivers/STM32F1xx_HAL_Driver/Src/stm32f1xx_hal_dma.d" -MT"Drivers/STM32F1xx_HAL_Driver/Src/stm32f1xx_hal_dma.o" --specs=nano.specs -mfloat-abi=soft -mthumb -o "Drivers/STM32F1xx_HAL_Driver/Src/stm32f1xx_hal_dma.o"
arm-none-eabi-gcc "../Drivers/STM32F1xx_HAL_Driver/Src/stm32f1xx_hal_exti.c" -mcpu=cortex-m3 -std=gnu11 -g3 -DDEBUG -DUSE_HAL_DRIVER -DSTM32F103xB -c -I../Core/Inc -I../Drivers/STM32F1xx_HAL_Driver/Inc -I../Drivers/STM32F1xx_HAL_Driver/Inc/Legacy -I../Drivers/CMSIS/Device/ST/STM32F1xx/Include -I../Drivers/CMSIS/Include -O0 -ffunction-sections -fdata-sections -Wall -fstack-usage -MMD -MP -MF"Drivers/STM32F1xx_HAL_Driver/Src/stm32f1xx_hal_exti.d" -MT"Drivers/STM32F1xx_HAL_Driver/Src/stm32f1xx_hal_exti.o" --specs=nano.specs -mfloat-abi=soft -mthumb -o "Drivers/STM32F1xx_HAL_Driver/Src/stm32f1xx_hal_exti.o"
arm-none-eabi-gcc "../Drivers/STM32F1xx_HAL_Driver/Src/stm32f1xx_hal_flash.c" -mcpu=cortex-m3 -std=gnu11 -g3 -DDEBUG -DUSE_HAL_DRIVER -DSTM32F103xB -c -I../Core/Inc -I../Drivers/STM32F1xx_HAL_Driver/Inc -I../Drivers/STM32F1xx_HAL_Driver/Inc/Legacy -I../Drivers/CMSIS/Device/ST/STM32F1xx/Include -I../Drivers/CMSIS/Include -O0 -ffunction-sections -fdata-sections -Wall -fstack-usage -MMD -MP -MF"Drivers/STM32F1xx_HAL_Driver/Src/stm32f1xx_hal_flash.d" -MT"Drivers/STM32F1xx_HAL_Driver/Src/stm32f1xx_hal_flash.o" --specs=nano.specs -mfloat-abi=soft -mthumb -o "Drivers/STM32F1xx_HAL_Driver/Src/stm32f1xx_hal_flash.o"
arm-none-eabi-gcc "../Drivers/STM32F1xx_HAL_Driver/Src/stm32f1xx_hal_flash_ex.c" -mcpu=cortex-m3 -std=gnu11 -g3 -DDEBUG -DUSE_HAL_DRIVER -DSTM32F103xB -c -I../Core/Inc -I../Drivers/STM32F1xx_HAL_Driver/Inc -I../Drivers/STM32F1xx_HAL_Driver/Inc/Legacy -I../Drivers/CMSIS/Device/ST/STM32F1xx/Include -I../Drivers/CMSIS/Include -O0 -ffunction-sections -fdata-sections -Wall -fstack-usage -MMD -MP -MF"Drivers/STM32F1xx_HAL_Driver/Src/stm32f1xx_hal_flash_ex.d" -MT"Drivers/STM32F1xx_HAL_Driver/Src/stm32f1xx_hal_flash_ex.o" --specs=nano.specs -mfloat-abi=soft -mthumb -o "Drivers/STM32F1xx_HAL_Driver/Src/stm32f1xx_hal_flash_ex.o"
arm-none-eabi-gcc "../Drivers/STM32F1xx_HAL_Driver/Src/stm32f1xx_hal_gpio.c" -mcpu=cortex-m3 -std=gnu11 -g3 -DDEBUG -DUSE_HAL_DRIVER -DSTM32F103xB -c -I../Core/Inc -I../Drivers/STM32F1xx_HAL_Driver/Inc -I../Drivers/STM32F1xx_HAL_Driver/Inc/Legacy -I../Drivers/CMSIS/Device/ST/STM32F1xx/Include -I../Drivers/CMSIS/Include -O0 -ffunction-sections -fdata-sections -Wall -fstack-usage -MMD -MP -MF"Drivers/STM32F1xx_HAL_Driver/Src/stm32f1xx_hal_gpio.d" -MT"Drivers/STM32F1xx_HAL_Driver/Src/stm32f1xx_hal_gpio.o" --specs=nano.specs -mfloat-abi=soft -mthumb -o "Drivers/STM32F1xx_HAL_Driver/Src/stm32f1xx_hal_gpio.o"
arm-none-eabi-gcc "../Drivers/STM32F1xx_HAL_Driver/Src/stm32f1xx_hal_gpio_ex.c" -mcpu=cortex-m3 -std=gnu11 -g3 -DDEBUG -DUSE_HAL_DRIVER -DSTM32F103xB -c -I../Core/Inc -I../Drivers/STM32F1xx_HAL_Driver/Inc -I../Drivers/STM32F1xx_HAL_Driver/Inc/Legacy -I../Drivers/CMSIS/Device/ST/STM32F1xx/Include -I../Drivers/CMSIS/Include -O0 -ffunction-sections -fdata-sections -Wall -fstack-usage -MMD -MP -MF"Drivers/STM32F1xx_HAL_Driver/Src/stm32f1xx_hal_gpio_ex.d" -MT"Drivers/STM32F1xx_HAL_Driver/Src/stm32f1xx_hal_gpio_ex.o" --specs=nano.specs -mfloat-abi=soft -mthumb -o "Drivers/STM32F1xx_HAL_Driver/Src/stm32f1xx_hal_gpio_ex.o"
arm-none-eabi-gcc "../Drivers/STM32F1xx_HAL_Driver/Src/stm32f1xx_hal_i2c.c" -mcpu=cortex-m3 -std=gnu11 -g3 -DDEBUG -DUSE_HAL_DRIVER -DSTM32F103xB -c -I../Core/Inc -I../Drivers/STM32F1xx_HAL_Driver/Inc -I../Drivers/STM32F1xx_HAL_Driver/Inc/Legacy -I../Drivers/CMSIS/Device/ST/STM32F1xx/Include -I../Drivers/CMSIS/Include -O0 -ffunction-sections -fdata-sections -Wall -fstack-usage -MMD -MP -MF"Drivers/STM32F1xx_HAL_Driver/Src/stm32f1xx_hal_i2c.d" -MT"Drivers/STM32F1xx_HAL_Driver/Src/stm32f1xx_hal_i2c.o" --specs=nano.specs -mfloat-abi=soft -mthumb -o "Drivers/STM32F1xx_HAL_Driver/Src/stm32f1xx_hal_i2c.o"
arm-none-eabi-gcc "../Drivers/STM32F1xx_HAL_Driver/Src/stm32f1xx_hal_pwr.c" -mcpu=cortex-m3 -std=gnu11 -g3 -DDEBUG -DUSE_HAL_DRIVER -DSTM32F103xB -c -I../Core/Inc -I../Drivers/STM32F1xx_HAL_Driver/Inc -I../Drivers/STM32F1xx_HAL_Driver/Inc/Legacy -I../Drivers/CMSIS/Device/ST/STM32F1xx/Include -I../Drivers/CMSIS/Include -O0 -ffunction-sections -fdata-sections -Wall -fstack-usage -MMD -MP -MF"Drivers/STM32F1xx_HAL_Driver/Src/stm32f1xx_hal_pwr.d" -MT"Drivers/STM32F1xx_HAL_Driver/Src/stm32f1xx_hal_pwr.o" --specs=nano.specs -mfloat-abi=soft -mthumb -o "Drivers/STM32F1xx_HAL_Driver/Src/stm32f1xx_hal_pwr.o"
arm-none-eabi-gcc "../Drivers/STM32F1xx_HAL_Driver/Src/stm32f1xx_hal_rcc.c" -mcpu=cortex-m3 -std=gnu11 -g3 -DDEBUG -DUSE_HAL_DRIVER -DSTM32F103xB -c -I../Core/Inc -I../Drivers/STM32F1xx_HAL_Driver/Inc -I../Drivers/STM32F1xx_HAL_Driver/Inc/Legacy -I../Drivers/CMSIS/Device/ST/STM32F1xx/Include -I../Drivers/CMSIS/Include -O0 -ffunction-sections -fdata-sections -Wall -fstack-usage -MMD -MP -MF"Drivers/STM32F1xx_HAL_Driver/Src/stm32f1xx_hal_rcc.d" -MT"Drivers/STM32F1xx_HAL_Driver/Src/stm32f1xx_hal_rcc.o" --specs=nano.specs -mfloat-abi=soft -mthumb -o "Drivers/STM32F1xx_HAL_Driver/Src/stm32f1xx_hal_rcc.o"
arm-none-eabi-gcc "../Drivers/STM32F1xx_HAL_Driver/Src/stm32f1xx_hal_rcc_ex.c" -mcpu=cortex-m3 -std=gnu11 -g3 -DDEBUG -DUSE_HAL_DRIVER -DSTM32F103xB -c -I../Core/Inc -I../Drivers/STM32F1xx_HAL_Driver/Inc -I../Drivers/STM32F1xx_HAL_Driver/Inc/Legacy -I../Drivers/CMSIS/Device/ST/STM32F1xx/Include -I../Drivers/CMSIS/Include -O0 -ffunction-sections -fdata-sections -Wall -fstack-usage -MMD -MP -MF"Drivers/STM32F1xx_HAL_Driver/Src/stm32f1xx_hal_rcc_ex.d" -MT"Drivers/STM32F1xx_HAL_Driver/Src/stm32f1xx_hal_rcc_ex.o" --specs=nano.specs -mfloat-abi=soft -mthumb -o "Drivers/STM32F1xx_HAL_Driver/Src/stm32f1xx_hal_rcc_ex.o"
arm-none-eabi-gcc "../Drivers/STM32F1xx_HAL_Driver/Src/stm32f1xx_hal_tim.c" -mcpu=cortex-m3 -std=gnu11 -g3 -DDEBUG -DUSE_HAL_DRIVER -DSTM32F103xB -c -I../Core/Inc -I../Drivers/STM32F1xx_HAL_Driver/Inc -I../Drivers/STM32F1xx_HAL_Driver/Inc/Legacy -I../Drivers/CMSIS/Device/ST/STM32F1xx/Include -I../Drivers/CMSIS/Include -O0 -ffunction-sections -fdata-sections -Wall -fstack-usage -MMD -MP -MF"Drivers/STM32F1xx_HAL_Driver/Src/stm32f1xx_hal_tim.d" -MT"Drivers/STM32F1xx_HAL_Driver/Src/stm32f1xx_hal_tim.o" --specs=nano.specs -mfloat-abi=soft -mthumb -o "Drivers/STM32F1xx_HAL_Driver/Src/stm32f1xx_hal_tim.o"
arm-none-eabi-gcc "../Drivers/STM32F1xx_HAL_Driver/Src/stm32f1xx_hal_tim_ex.c" -mcpu=cortex-m3 -std=gnu11 -g3 -DDEBUG -DUSE_HAL_DRIVER -DSTM32F103xB -c -I../Core/Inc -I../Drivers/STM32F1xx_HAL_Driver/Inc -I../Drivers/STM32F1xx_HAL_Driver/Inc/Legacy -I../Drivers/CMSIS/Device/ST/STM32F1xx/Include -I../Drivers/CMSIS/Include -O0 -ffunction-sections -fdata-sections -Wall -fstack-usage -MMD -MP -MF"Drivers/STM32F1xx_HAL_Driver/Src/stm32f1xx_hal_tim_ex.d" -MT"Drivers/STM32F1xx_HAL_Driver/Src/stm32f1xx_hal_tim_ex.o" --specs=nano.specs -mfloat-abi=soft -mthumb -o "Drivers/STM32F1xx_HAL_Driver/Src/stm32f1xx_hal_tim_ex.o"
arm-none-eabi-gcc -mcpu=cortex-m3 -g3 -DDEBUG -c -x assembler-with-cpp -MMD -MP -MF"Core/Startup/startup_stm32f103rbtx.d" -MT"Core/Startup/startup_stm32f103rbtx.o" --specs=nano.specs -mfloat-abi=soft -mthumb -o "Core/Startup/startup_stm32f103rbtx.o" "../Core/Startup/startup_stm32f103rbtx.s"
arm-none-eabi-gcc "../Core/Src/button.c" -mcpu=cortex-m3 -std=gnu11 -g3 -DDEBUG -DUSE_HAL_DRIVER -DSTM32F103xB -c -I../Core/Inc -I../Drivers/STM32F1xx_HAL_Driver/Inc -I../Drivers/STM32F1xx_HAL_Driver/Inc/Legacy -I../Drivers/CMSIS/Device/ST/STM32F1xx/Include -I../Drivers/CMSIS/Include -O0 -ffunction-sections -fdata-sections -Wall -fstack-usage -MMD -MP -MF"Core/Src/button.d" -MT"Core/Src/button.o" --specs=nano.specs -mfloat-abi=soft -mthumb -o "Core/Src/button.o"
arm-none-eabi-gcc "../Core/Src/fsm_automatic.c" -mcpu=cortex-m3 -std=gnu11 -g3 -DDEBUG -DUSE_HAL_DRIVER -DSTM32F103xB -c -I../Core/Inc -I../Drivers/STM32F1xx_HAL_Driver/Inc -I../Drivers/STM32F1xx_HAL_Driver/Inc/Legacy -I../Drivers/CMSIS/Device/ST/STM32F1xx/Include -I../Drivers/CMSIS/Include -O0 -ffunction-sections -fdata-sections -Wall -fstack-usage -MMD -MP -MF"Core/Src/fsm_automatic.d" -MT"Core/Src/fsm_automatic.o" --specs=nano.specs -mfloat-abi=soft -mthumb -o "Core/Src/fsm_automatic.o"
arm-none-eabi-gcc "../Core/Src/fsm_manual.c" -mcpu=cortex-m3 -std=gnu11 -g3 -DDEBUG -DUSE_HAL_DRIVER -DSTM32F103xB -c -I../Core/Inc -I../Drivers/STM32F1xx_HAL_Driver/Inc -I../Drivers/STM32F1xx_HAL_Driver/Inc/Legacy -I../Drivers/CMSIS/Device/ST/STM32F1xx/Include -I../Drivers/CMSIS/Include -O0 -ffunction-sections -fdata-sections -Wall -fstack-usage -MMD -MP -MF"Core/Src/fsm_manual.d" -MT"Core/Src/fsm_manual.o" --specs=nano.specs -mfloat-abi=soft -mthumb -o "Core/Src/fsm_manual.o"
arm-none-eabi-gcc "../Core/Src/fsm_tunning.c" -mcpu=cortex-m3 -std=gnu11 -g3 -DDEBUG -DUSE_HAL_DRIVER -DSTM32F103xB -c -I../Core/Inc -I../Drivers/STM32F1xx_HAL_Driver/Inc -I../Drivers/STM32F1xx_HAL_Driver/Inc/Legacy -I../Drivers/CMSIS/Device/ST/STM32F1xx/Include -I../Drivers/CMSIS/Include -O0 -ffunction-sections -fdata-sections -Wall -fstack-usage -MMD -MP -MF"Core/Src/fsm_tunning.d" -MT"Core/Src/fsm_tunning.o" --specs=nano.specs -mfloat-abi=soft -mthumb -o "Core/Src/fsm_tunning.o"
arm-none-eabi-gcc "../Core/Src/global.c" -mcpu=cortex-m3 -std=gnu11 -g3 -DDEBUG -DUSE_HAL_DRIVER -DSTM32F103xB -c -I../Core/Inc -I../Drivers/STM32F1xx_HAL_Driver/Inc -I../Drivers/STM32F1xx_HAL_Driver/Inc/Legacy -I../Drivers/CMSIS/Device/ST/STM32F1xx/Include -I../Drivers/CMSIS/Include -O0 -ffunction-sections -fdata-sections -Wall -fstack-usage -MMD -MP -MF"Core/Src/global.d" -MT"Core/Src/global.o" --specs=nano.specs -mfloat-abi=soft -mthumb -o "Core/Src/global.o"
arm-none-eabi-gcc "../Core/Src/lcd_i2c.c" -mcpu=cortex-m3 -std=gnu11 -g3 -DDEBUG -DUSE_HAL_DRIVER -DSTM32F103xB -c -I../Core/Inc -I../Drivers/STM32F1xx_HAL_Driver/Inc -I../Drivers/STM32F1xx_HAL_Driver/Inc/Legacy -I../Drivers/CMSIS/Device/ST/STM32F1xx/Include -I../Drivers/CMSIS/Include -O0 -ffunction-sections -fdata-sections -Wall -fstack-usage -MMD -MP -MF"Core/Src/lcd_i2c.d" -MT"Core/Src/lcd_i2c.o" --specs=nano.specs -mfloat-abi=soft -mthumb -o "Core/Src/lcd_i2c.o"
arm-none-eabi-gcc "../Core/Src/led_traffic.c" -mcpu=cortex-m3 -std=gnu11 -g3 -DDEBUG -DUSE_HAL_DRIVER -DSTM32F103xB -c -I../Core/Inc -I../Drivers/STM32F1xx_HAL_Driver/Inc -I../Drivers/STM32F1xx_HAL_Driver/Inc/Legacy -I../Drivers/CMSIS/Device/ST/STM32F1xx/Include -I../Drivers/CMSIS/Include -O0 -ffunction-sections -fdata-sections -Wall -fstack-usage -MMD -MP -MF"Core/Src/led_traffic.d" -MT"Core/Src/led_traffic.o" --specs=nano.specs -mfloat-abi=soft -mthumb -o "Core/Src/led_traffic.o"
arm-none-eabi-gcc "../Core/Src/main.c" -mcpu=cortex-m3 -std=gnu11 -g3 -DDEBUG -DUSE_HAL_DRIVER -DSTM32F103xB -c -I../Core/Inc -I../Drivers/STM32F1xx_HAL_Driver/Inc -I../Drivers/STM32F1xx_HAL_Driver/Inc/Legacy -I../Drivers/CMSIS/Device/ST/STM32F1xx/Include -I../Drivers/CMSIS/Include -O0 -ffunction-sections -fdata-sections -Wall -fstack-usage -MMD -MP -MF"Core/Src/main.d" -MT"Core/Src/main.o" --specs=nano.specs -mfloat-abi=soft -mthumb -o "Core/Src/main.o"
arm-none-eabi-gcc "../Core/Src/scheduler.c" -mcpu=cortex-m3 -std=gnu11 -g3 -DDEBUG -DUSE_HAL_DRIVER -DSTM32F103xB -c -I../Core/Inc -I../Drivers/STM32F1xx_HAL_Driver/Inc -I../Drivers/STM32F1xx_HAL_Driver/Inc/Legacy -I../Drivers/CMSIS/Device/ST/STM32F1xx/Include -I../Drivers/CMSIS/Include -O0 -ffunction-sections -fdata-sections -Wall -fstack-usage -MMD -MP -MF"Core/Src/scheduler.d" -MT"Core/Src/scheduler.o" --specs=nano.specs -mfloat-abi=soft -mthumb -o "Core/Src/scheduler.o"
arm-none-eabi-gcc "../Core/Src/software_timer.c" -mcpu=cortex-m3 -std=gnu11 -g3 -DDEBUG -DUSE_HAL_DRIVER -DSTM32F103xB -c -I../Core/Inc -I../Drivers/STM32F1xx_HAL_Driver/Inc -I../Drivers/STM32F1xx_HAL_Driver/Inc/Legacy -I../Drivers/CMSIS/Device/ST/STM32F1xx/Include -I../Drivers/CMSIS/Include -O0 -ffunction-sections -fdata-sections -Wall -fstack-usage -MMD -MP -MF"Core/Src/software_timer.d" -MT"Core/Src/software_timer.o" --specs=nano.specs -mfloat-abi=soft -mthumb -o "Core/Src/software_timer.o"
arm-none-eabi-gcc "../Core/Src/stm32f1xx_hal_msp.c" -mcpu=cortex-m3 -std=gnu11 -g3 -DDEBUG -DUSE_HAL_DRIVER -DSTM32F103xB -c -I../Core/Inc -I../Drivers/STM32F1xx_HAL_Driver/Inc -I../Drivers/STM32F1xx_HAL_Driver/Inc/Legacy -I../Drivers/CMSIS/Device/ST/STM32F1xx/Include -I../Drivers/CMSIS/Include -O0 -ffunction-sections -fdata-sections -Wall -fstack-usage -MMD -MP -MF"Core/Src/stm32f1xx_hal_msp.d" -MT"Core/Src/stm32f1xx_hal_msp.o" --specs=nano.specs -mfloat-abi=soft -mthumb -o "Core/Src/stm32f1xx_hal_msp.o"
arm-none-eabi-gcc "../Core/Src/stm32f1xx_it.c" -mcpu=cortex-m3 -std=gnu11 -g3 -DDEBUG -DUSE_HAL_DRIVER -DSTM32F103xB -c -I../Core/Inc -I../Drivers/STM32F1xx_HAL_Driver/Inc -I../Drivers/STM32F1xx_HAL_Driver/Inc/Legacy -I../Drivers/CMSIS/Device/ST/STM32F1xx/Include -I../Drivers/CMSIS/Include -O0 -ffunction-sections -fdata-sections -Wall -fstack-usage -MMD -MP -MF"Core/Src/stm32f1xx_it.d" -MT"Core/Src/stm32f1xx_it.o" --specs=nano.specs -mfloat-abi=soft -mthumb -o "Core/Src/stm32f1xx_it.o"
arm-none-eabi-gcc "../Core/Src/syscalls.c" -mcpu=cortex-m3 -std=gnu11 -g3 -DDEBUG -DUSE_HAL_DRIVER -DSTM32F103xB -c -I../Core/Inc -I../Drivers/STM32F1xx_HAL_Driver/Inc -I../Drivers/STM32F1xx_HAL_Driver/Inc/Legacy -I../Drivers/CMSIS/Device/ST/STM32F1xx/Include -I../Drivers/CMSIS/Include -O0 -ffunction-sections -fdata-sections -Wall -fstack-usage -MMD -MP -MF"Core/Src/syscalls.d" -MT"Core/Src/syscalls.o" --specs=nano.specs -mfloat-abi=soft -mthumb -o "Core/Src/syscalls.o"
arm-none-eabi-gcc "../Core/Src/sysmem.c" -mcpu=cortex-m3 -std=gnu11 -g3 -DDEBUG -DUSE_HAL_DRIVER -DSTM32F103xB -c -I../Core/Inc -I../Drivers/STM32F1xx_HAL_Driver/Inc -I../Drivers/STM32F1xx_HAL_Driver/Inc/Legacy -I../Drivers/CMSIS/Device/ST/STM32F1xx/Include -I../Drivers/CMSIS/Include -O0 -ffunction-sections -fdata-sections -Wall -fstack-usage -MMD -MP -MF"Core/Src/sysmem.d" -MT"Core/Src/sysmem.o" --specs=nano.specs -mfloat-abi=soft -mthumb -o "Core/Src/sysmem.o"
arm-none-eabi-gcc "../Core/Src/system_stm32f1xx.c" -mcpu=cortex-m3 -std=gnu11 -g3 -DDEBUG -DUSE_HAL_DRIVER -DSTM32F103xB -c -I../Core/Inc -I../Drivers/STM32F1xx_HAL_Driver/Inc -I../Drivers/STM32F1xx_HAL_Driver/Inc/Legacy -I../Drivers/CMSIS/Device/ST/STM32F1xx/Include -I../Drivers/CMSIS/Include -O0 -ffunction-sections -fdata-sections -Wall -fstack-usage -MMD -MP -MF"Core/Src/system_stm32f1xx.d" -MT"Core/Src/system_stm32f1xx.o" --specs=nano.specs -mfloat-abi=soft -mthumb -o "Core/Src/system_stm32f1xx.o"
arm-none-eabi-gcc "../Core/Src/task.c" -mcpu=cortex-m3 -std=gnu11 -g3 -DDEBUG -DUSE_HAL_DRIVER -DSTM32F103xB -c -I../Core/Inc -I../Drivers/STM32F1xx_HAL_Driver/Inc -I../Drivers/STM32F1xx_HAL_Driver/Inc/Legacy -I../Drivers/CMSIS/Device/ST/STM32F1xx/Include -I../Drivers/CMSIS/Include -O0 -ffunction-sections -fdata-sections -Wall -fstack-usage -MMD -MP -MF"Core/Src/task.d" -MT"Core/Src/task.o" --specs=nano.specs -mfloat-abi=soft -mthumb -o "Core/Src/task.o"
arm-none-eabi-gcc -o "STM32.elf" @"objects.list"   -mcpu=cortex-m3 -T"D:\Project_VXL\Assign_MCU\STM32\STM32F103RBTX_FLASH.ld" --specs=nosys.specs -Wl,-Map="STM32.map" -Wl,--gc-sections -static --specs=nano.specs -mfloat-abi=soft -mthumb -Wl,--start-group -lc -lm -Wl,--end-group
Finished building target: STM32.elf
 
arm-none-eabi-size   STM32.elf 
arm-none-eabi-objdump -h -S  STM32.elf  > "STM32.list"
arm-none-eabi-objcopy  -O ihex  STM32.elf  "STM32.hex"
arm-none-eabi-objcopy  -O binary  STM32.elf  "STM32.bin"
   text	   data	    bss	    dec	    hex	filename
  14692	    140	   2012	  16844	   41cc	STM32.elf
Finished building: default.size.stdout
 
Finished building: STM32.list
 
Finished building: STM32.bin
Finished building: STM32.hex
 
 
19:46:28 **** Incremental Build of configuration Debug for project STM32 ****
make -j4 all 
arm-none-eabi-gcc "../Core/Src/fsm_tunning.c" -mcpu=cortex-m3 -std=gnu11 -g3 -DDEBUG -DUSE_HAL_DRIVER -DSTM32F103xB -c -I../Core/Inc -I../Drivers/STM32F1xx_HAL_Driver/Inc -I../Drivers/STM32F1xx_HAL_Driver/Inc/Legacy -I../Drivers/CMSIS/Device/ST/STM32F1xx/Include -I../Drivers/CMSIS/Include -O0 -ffunction-sections -fdata-sections -Wall -fstack-usage -MMD -MP -MF"Core/Src/fsm_tunning.d" -MT"Core/Src/fsm_tunning.o" --specs=nano.specs -mfloat-abi=soft -mthumb -o "Core/Src/fsm_tunning.o"
arm-none-eabi-gcc -o "STM32.elf" @"objects.list"   -mcpu=cortex-m3 -T"D:\Project_VXL\Assign_MCU\STM32\STM32F103RBTX_FLASH.ld" --specs=nosys.specs -Wl,-Map="STM32.map" -Wl,--gc-sections -static --specs=nano.specs -mfloat-abi=soft -mthumb -Wl,--start-group -lc -lm -Wl,--end-group
Finished building target: STM32.elf
 
arm-none-eabi-size   STM32.elf 
arm-none-eabi-objdump -h -S  STM32.elf  > "STM32.list"
arm-none-eabi-objcopy  -O ihex  STM32.elf  "STM32.hex"
arm-none-eabi-objcopy  -O binary  STM32.elf  "STM32.bin"
   text	   data	    bss	    dec	    hex	filename
  14716	    140	   2012	  16868	   41e4	STM32.elf
Finished building: default.size.stdout
 
Finished building: STM32.hex
Finished building: STM32.bin
 
 
Finished building: STM32.list
 
20:01:17 **** Incremental Build of configuration Debug for project STM32 ****
make -j4 all 
arm-none-eabi-gcc "../Core/Src/fsm_automatic.c" -mcpu=cortex-m3 -std=gnu11 -g3 -DDEBUG -DUSE_HAL_DRIVER -DSTM32F103xB -c -I../Core/Inc -I../Drivers/STM32F1xx_HAL_Driver/Inc -I../Drivers/STM32F1xx_HAL_Driver/Inc/Legacy -I../Drivers/CMSIS/Device/ST/STM32F1xx/Include -I../Drivers/CMSIS/Include -O0 -ffunction-sections -fdata-sections -Wall -fstack-usage -MMD -MP -MF"Core/Src/fsm_automatic.d" -MT"Core/Src/fsm_automatic.o" --specs=nano.specs -mfloat-abi=soft -mthumb -o "Core/Src/fsm_automatic.o"
arm-none-eabi-gcc -o "STM32.elf" @"objects.list"   -mcpu=cortex-m3 -T"D:\Project_VXL\Assign_MCU\STM32\STM32F103RBTX_FLASH.ld" --specs=nosys.specs -Wl,-Map="STM32.map" -Wl,--gc-sections -static --specs=nano.specs -mfloat-abi=soft -mthumb -Wl,--start-group -lc -lm -Wl,--end-group
Finished building target: STM32.elf
 
arm-none-eabi-size   STM32.elf 
arm-none-eabi-objdump -h -S  STM32.elf  > "STM32.list"
arm-none-eabi-objcopy  -O ihex  STM32.elf  "STM32.hex"
arm-none-eabi-objcopy  -O binary  STM32.elf  "STM32.bin"
   text	   data	    bss	    dec	    hex	filename
  14756	    140	   2012	  16908	   420c	STM32.elf
Finished building: default.size.stdout
 
Finished building: STM32.bin
Finished building: STM32.hex
 
 
Finished building: STM32.list
 
21:01:52 **** Incremental Build of configuration Debug for project STM32 ****
make -j4 all 
arm-none-eabi-gcc "../Core/Src/fsm_automatic.c" -mcpu=cortex-m3 -std=gnu11 -g3 -DDEBUG -DUSE_HAL_DRIVER -DSTM32F103xB -c -I../Core/Inc -I../Drivers/STM32F1xx_HAL_Driver/Inc -I../Drivers/STM32F1xx_HAL_Driver/Inc/Legacy -I../Drivers/CMSIS/Device/ST/STM32F1xx/Include -I../Drivers/CMSIS/Include -O0 -ffunction-sections -fdata-sections -Wall -fstack-usage -MMD -MP -MF"Core/Src/fsm_automatic.d" -MT"Core/Src/fsm_automatic.o" --specs=nano.specs -mfloat-abi=soft -mthumb -o "Core/Src/fsm_automatic.o"
arm-none-eabi-gcc -o "STM32.elf" @"objects.list"   -mcpu=cortex-m3 -T"D:\Project_VXL\Assign_MCU\STM32\STM32F103RBTX_FLASH.ld" --specs=nosys.specs -Wl,-Map="STM32.map" -Wl,--gc-sections -static --specs=nano.specs -mfloat-abi=soft -mthumb -Wl,--start-group -lc -lm -Wl,--end-group
Finished building target: STM32.elf
 
arm-none-eabi-size   STM32.elf 
arm-none-eabi-objdump -h -S  STM32.elf  > "STM32.list"
arm-none-eabi-objcopy  -O ihex  STM32.elf  "STM32.hex"
arm-none-eabi-objcopy  -O binary  STM32.elf  "STM32.bin"
   text	   data	    bss	    dec	    hex	filename
  14752	    140	   2012	  16904	   4208	STM32.elf
Finished building: default.size.stdout
 
Finished building: STM32.bin
Finished building: STM32.hex
 
 
Finished building: STM32.list
 
21:21:18 **** Incremental Build of configuration Debug for project STM32 ****
make -j4 all 
arm-none-eabi-gcc "../Core/Src/fsm_automatic.c" -mcpu=cortex-m3 -std=gnu11 -g3 -DDEBUG -DUSE_HAL_DRIVER -DSTM32F103xB -c -I../Core/Inc -I../Drivers/STM32F1xx_HAL_Driver/Inc -I../Drivers/STM32F1xx_HAL_Driver/Inc/Legacy -I../Drivers/CMSIS/Device/ST/STM32F1xx/Include -I../Drivers/CMSIS/Include -O0 -ffunction-sections -fdata-sections -Wall -fstack-usage -MMD -MP -MF"Core/Src/fsm_automatic.d" -MT"Core/Src/fsm_automatic.o" --specs=nano.specs -mfloat-abi=soft -mthumb -o "Core/Src/fsm_automatic.o"
../Core/Src/fsm_automatic.c:14:6: error: redefinition of 'init_automatic_mode'
   14 | void init_automatic_mode() {
      |      ^~~~~~~~~~~~~~~~~~~
../Core/Src/fsm_automatic.c:2:6: note: previous definition of 'init_automatic_mode' was here
    2 | void init_automatic_mode() {
      |      ^~~~~~~~~~~~~~~~~~~
make: *** [Core/Src/subdir.mk:64: Core/Src/fsm_automatic.o] Error 1
"make -j4 all" terminated with exit code 2. Build might be incomplete.
21:22:27 **** Incremental Build of configuration Debug for project STM32 ****
make -j4 all 
arm-none-eabi-gcc "../Core/Src/fsm_automatic.c" -mcpu=cortex-m3 -std=gnu11 -g3 -DDEBUG -DUSE_HAL_DRIVER -DSTM32F103xB -c -I../Core/Inc -I../Drivers/STM32F1xx_HAL_Driver/Inc -I../Drivers/STM32F1xx_HAL_Driver/Inc/Legacy -I../Drivers/CMSIS/Device/ST/STM32F1xx/Include -I../Drivers/CMSIS/Include -O0 -ffunction-sections -fdata-sections -Wall -fstack-usage -MMD -MP -MF"Core/Src/fsm_automatic.d" -MT"Core/Src/fsm_automatic.o" --specs=nano.specs -mfloat-abi=soft -mthumb -o "Core/Src/fsm_automatic.o"
arm-none-eabi-gcc -o "STM32.elf" @"objects.list"   -mcpu=cortex-m3 -T"D:\Project_VXL\Assign_MCU\STM32\STM32F103RBTX_FLASH.ld" --specs=nosys.specs -Wl,-Map="STM32.map" -Wl,--gc-sections -static --specs=nano.specs -mfloat-abi=soft -mthumb -Wl,--start-group -lc -lm -Wl,--end-group
Finished building target: STM32.elf
 
arm-none-eabi-size   STM32.elf 
arm-none-eabi-objdump -h -S  STM32.elf  > "STM32.list"
arm-none-eabi-objcopy  -O ihex  STM32.elf  "STM32.hex"
   text	   data	    bss	    dec	    hex	filename
  14752	    140	   2012	  16904	   4208	STM32.elf
arm-none-eabi-objcopy  -O binary  STM32.elf  "STM32.bin"
Finished building: default.size.stdout
 
Finished building: STM32.bin
Finished building: STM32.hex
 
 
Finished building: STM32.list
 
21:32:26 **** Incremental Build of configuration Debug for project STM32 ****
make -j4 all 
arm-none-eabi-gcc "../Core/Src/global.c" -mcpu=cortex-m3 -std=gnu11 -g3 -DDEBUG -DUSE_HAL_DRIVER -DSTM32F103xB -c -I../Core/Inc -I../Drivers/STM32F1xx_HAL_Driver/Inc -I../Drivers/STM32F1xx_HAL_Driver/Inc/Legacy -I../Drivers/CMSIS/Device/ST/STM32F1xx/Include -I../Drivers/CMSIS/Include -O0 -ffunction-sections -fdata-sections -Wall -fstack-usage -MMD -MP -MF"Core/Src/global.d" -MT"Core/Src/global.o" --specs=nano.specs -mfloat-abi=soft -mthumb -o "Core/Src/global.o"
arm-none-eabi-gcc -o "STM32.elf" @"objects.list"   -mcpu=cortex-m3 -T"D:\Project_VXL\Assign_MCU\STM32\STM32F103RBTX_FLASH.ld" --specs=nosys.specs -Wl,-Map="STM32.map" -Wl,--gc-sections -static --specs=nano.specs -mfloat-abi=soft -mthumb -Wl,--start-group -lc -lm -Wl,--end-group
Finished building target: STM32.elf
 
arm-none-eabi-size   STM32.elf 
arm-none-eabi-objdump -h -S  STM32.elf  > "STM32.list"
arm-none-eabi-objcopy  -O ihex  STM32.elf  "STM32.hex"
arm-none-eabi-objcopy  -O binary  STM32.elf  "STM32.bin"
   text	   data	    bss	    dec	    hex	filename
  14752	    140	   2012	  16904	   4208	STM32.elf
Finished building: default.size.stdout
 
Finished building: STM32.hex
Finished building: STM32.bin
 
 
Finished building: STM32.list
 
10:40:56 **** Incremental Build of configuration Debug for project STM32 ****
make -j4 all 
arm-none-eabi-gcc "../Core/Src/main.c" -mcpu=cortex-m3 -std=gnu11 -g3 -DDEBUG -DUSE_HAL_DRIVER -DSTM32F103xB -c -I../Core/Inc -I../Drivers/STM32F1xx_HAL_Driver/Inc -I../Drivers/STM32F1xx_HAL_Driver/Inc/Legacy -I../Drivers/CMSIS/Device/ST/STM32F1xx/Include -I../Drivers/CMSIS/Include -O0 -ffunction-sections -fdata-sections -Wall -fstack-usage -MMD -MP -MF"Core/Src/main.d" -MT"Core/Src/main.o" --specs=nano.specs -mfloat-abi=soft -mthumb -o "Core/Src/main.o"
arm-none-eabi-gcc -o "STM32.elf" @"objects.list"   -mcpu=cortex-m3 -T"D:\Project_VXL\Assign_MCU\STM32\STM32F103RBTX_FLASH.ld" --specs=nosys.specs -Wl,-Map="STM32.map" -Wl,--gc-sections -static --specs=nano.specs -mfloat-abi=soft -mthumb -Wl,--start-group -lc -lm -Wl,--end-group
Finished building target: STM32.elf
 
arm-none-eabi-size   STM32.elf 
arm-none-eabi-objdump -h -S  STM32.elf  > "STM32.list"
arm-none-eabi-objcopy  -O ihex  STM32.elf  "STM32.hex"
arm-none-eabi-objcopy  -O binary  STM32.elf  "STM32.bin"
   text	   data	    bss	    dec	    hex	filename
  14752	    140	   2012	  16904	   4208	STM32.elf
Finished building: default.size.stdout
 
Finished building: STM32.bin
Finished building: STM32.hex
 
 
Finished building: STM32.list
 
10:43:31 **** Incremental Build of configuration Debug for project STM32 ****
make -j4 all 
arm-none-eabi-gcc "../Core/Src/fsm_automatic.c" -mcpu=cortex-m3 -std=gnu11 -g3 -DDEBUG -DUSE_HAL_DRIVER -DSTM32F103xB -c -I../Core/Inc -I../Drivers/STM32F1xx_HAL_Driver/Inc -I../Drivers/STM32F1xx_HAL_Driver/Inc/Legacy -I../Drivers/CMSIS/Device/ST/STM32F1xx/Include -I../Drivers/CMSIS/Include -O0 -ffunction-sections -fdata-sections -Wall -fstack-usage -MMD -MP -MF"Core/Src/fsm_automatic.d" -MT"Core/Src/fsm_automatic.o" --specs=nano.specs -mfloat-abi=soft -mthumb -o "Core/Src/fsm_automatic.o"
arm-none-eabi-gcc -o "STM32.elf" @"objects.list"   -mcpu=cortex-m3 -T"D:\Project_VXL\Assign_MCU\STM32\STM32F103RBTX_FLASH.ld" --specs=nosys.specs -Wl,-Map="STM32.map" -Wl,--gc-sections -static --specs=nano.specs -mfloat-abi=soft -mthumb -Wl,--start-group -lc -lm -Wl,--end-group
Finished building target: STM32.elf
 
arm-none-eabi-size   STM32.elf 
arm-none-eabi-objdump -h -S  STM32.elf  > "STM32.list"
arm-none-eabi-objcopy  -O ihex  STM32.elf  "STM32.hex"
   text	   data	    bss	    dec	    hex	filename
  14724	    140	   2012	  16876	   41ec	STM32.elf
arm-none-eabi-objcopy  -O binary  STM32.elf  "STM32.bin"
Finished building: default.size.stdout
 
Finished building: STM32.hex
Finished building: STM32.bin
 
 
Finished building: STM32.list
 
10:44:22 **** Incremental Build of configuration Debug for project STM32 ****
make -j4 all 
arm-none-eabi-gcc "../Core/Src/fsm_automatic.c" -mcpu=cortex-m3 -std=gnu11 -g3 -DDEBUG -DUSE_HAL_DRIVER -DSTM32F103xB -c -I../Core/Inc -I../Drivers/STM32F1xx_HAL_Driver/Inc -I../Drivers/STM32F1xx_HAL_Driver/Inc/Legacy -I../Drivers/CMSIS/Device/ST/STM32F1xx/Include -I../Drivers/CMSIS/Include -O0 -ffunction-sections -fdata-sections -Wall -fstack-usage -MMD -MP -MF"Core/Src/fsm_automatic.d" -MT"Core/Src/fsm_automatic.o" --specs=nano.specs -mfloat-abi=soft -mthumb -o "Core/Src/fsm_automatic.o"
arm-none-eabi-gcc -o "STM32.elf" @"objects.list"   -mcpu=cortex-m3 -T"D:\Project_VXL\Assign_MCU\STM32\STM32F103RBTX_FLASH.ld" --specs=nosys.specs -Wl,-Map="STM32.map" -Wl,--gc-sections -static --specs=nano.specs -mfloat-abi=soft -mthumb -Wl,--start-group -lc -lm -Wl,--end-group
Finished building target: STM32.elf
 
arm-none-eabi-size   STM32.elf 
arm-none-eabi-objdump -h -S  STM32.elf  > "STM32.list"
arm-none-eabi-objcopy  -O ihex  STM32.elf  "STM32.hex"
arm-none-eabi-objcopy  -O binary  STM32.elf  "STM32.bin"
   text	   data	    bss	    dec	    hex	filename
  14752	    140	   2012	  16904	   4208	STM32.elf
Finished building: default.size.stdout
Finished building: STM32.hex
Finished building: STM32.bin
 
 
 
Finished building: STM32.list
 
10:44:59 **** Incremental Build of configuration Debug for project STM32 ****
make -j4 all 
arm-none-eabi-gcc "../Core/Src/fsm_automatic.c" -mcpu=cortex-m3 -std=gnu11 -g3 -DDEBUG -DUSE_HAL_DRIVER -DSTM32F103xB -c -I../Core/Inc -I../Drivers/STM32F1xx_HAL_Driver/Inc -I../Drivers/STM32F1xx_HAL_Driver/Inc/Legacy -I../Drivers/CMSIS/Device/ST/STM32F1xx/Include -I../Drivers/CMSIS/Include -O0 -ffunction-sections -fdata-sections -Wall -fstack-usage -MMD -MP -MF"Core/Src/fsm_automatic.d" -MT"Core/Src/fsm_automatic.o" --specs=nano.specs -mfloat-abi=soft -mthumb -o "Core/Src/fsm_automatic.o"
arm-none-eabi-gcc -o "STM32.elf" @"objects.list"   -mcpu=cortex-m3 -T"D:\Project_VXL\Assign_MCU\STM32\STM32F103RBTX_FLASH.ld" --specs=nosys.specs -Wl,-Map="STM32.map" -Wl,--gc-sections -static --specs=nano.specs -mfloat-abi=soft -mthumb -Wl,--start-group -lc -lm -Wl,--end-group
Finished building target: STM32.elf
 
arm-none-eabi-size   STM32.elf 
arm-none-eabi-objdump -h -S  STM32.elf  > "STM32.list"
arm-none-eabi-objcopy  -O ihex  STM32.elf  "STM32.hex"
   text	   data	    bss	    dec	    hex	filename
  14752	    140	   2012	  16904	   4208	STM32.elf
arm-none-eabi-objcopy  -O binary  STM32.elf  "STM32.bin"
Finished building: default.size.stdout
 
Finished building: STM32.hex
Finished building: STM32.bin
 
 
Finished building: STM32.list
 
10:45:58 **** Incremental Build of configuration Debug for project STM32 ****
make -j4 all 
arm-none-eabi-gcc "../Core/Src/fsm_automatic.c" -mcpu=cortex-m3 -std=gnu11 -g3 -DDEBUG -DUSE_HAL_DRIVER -DSTM32F103xB -c -I../Core/Inc -I../Drivers/STM32F1xx_HAL_Driver/Inc -I../Drivers/STM32F1xx_HAL_Driver/Inc/Legacy -I../Drivers/CMSIS/Device/ST/STM32F1xx/Include -I../Drivers/CMSIS/Include -O0 -ffunction-sections -fdata-sections -Wall -fstack-usage -MMD -MP -MF"Core/Src/fsm_automatic.d" -MT"Core/Src/fsm_automatic.o" --specs=nano.specs -mfloat-abi=soft -mthumb -o "Core/Src/fsm_automatic.o"
arm-none-eabi-gcc "../Core/Src/main.c" -mcpu=cortex-m3 -std=gnu11 -g3 -DDEBUG -DUSE_HAL_DRIVER -DSTM32F103xB -c -I../Core/Inc -I../Drivers/STM32F1xx_HAL_Driver/Inc -I../Drivers/STM32F1xx_HAL_Driver/Inc/Legacy -I../Drivers/CMSIS/Device/ST/STM32F1xx/Include -I../Drivers/CMSIS/Include -O0 -ffunction-sections -fdata-sections -Wall -fstack-usage -MMD -MP -MF"Core/Src/main.d" -MT"Core/Src/main.o" --specs=nano.specs -mfloat-abi=soft -mthumb -o "Core/Src/main.o"
arm-none-eabi-gcc -o "STM32.elf" @"objects.list"   -mcpu=cortex-m3 -T"D:\Project_VXL\Assign_MCU\STM32\STM32F103RBTX_FLASH.ld" --specs=nosys.specs -Wl,-Map="STM32.map" -Wl,--gc-sections -static --specs=nano.specs -mfloat-abi=soft -mthumb -Wl,--start-group -lc -lm -Wl,--end-group
Finished building target: STM32.elf
 
arm-none-eabi-size   STM32.elf 
arm-none-eabi-objdump -h -S  STM32.elf  > "STM32.list"
arm-none-eabi-objcopy  -O ihex  STM32.elf  "STM32.hex"
arm-none-eabi-objcopy  -O binary  STM32.elf  "STM32.bin"
   text	   data	    bss	    dec	    hex	filename
  14752	    140	   2012	  16904	   4208	STM32.elf
Finished building: default.size.stdout
 
Finished building: STM32.hex
Finished building: STM32.bin
 
 
Finished building: STM32.list
 
10:50:56 **** Incremental Build of configuration Debug for project STM32 ****
make -j4 all 
arm-none-eabi-gcc "../Core/Src/fsm_automatic.c" -mcpu=cortex-m3 -std=gnu11 -g3 -DDEBUG -DUSE_HAL_DRIVER -DSTM32F103xB -c -I../Core/Inc -I../Drivers/STM32F1xx_HAL_Driver/Inc -I../Drivers/STM32F1xx_HAL_Driver/Inc/Legacy -I../Drivers/CMSIS/Device/ST/STM32F1xx/Include -I../Drivers/CMSIS/Include -O0 -ffunction-sections -fdata-sections -Wall -fstack-usage -MMD -MP -MF"Core/Src/fsm_automatic.d" -MT"Core/Src/fsm_automatic.o" --specs=nano.specs -mfloat-abi=soft -mthumb -o "Core/Src/fsm_automatic.o"
arm-none-eabi-gcc "../Core/Src/main.c" -mcpu=cortex-m3 -std=gnu11 -g3 -DDEBUG -DUSE_HAL_DRIVER -DSTM32F103xB -c -I../Core/Inc -I../Drivers/STM32F1xx_HAL_Driver/Inc -I../Drivers/STM32F1xx_HAL_Driver/Inc/Legacy -I../Drivers/CMSIS/Device/ST/STM32F1xx/Include -I../Drivers/CMSIS/Include -O0 -ffunction-sections -fdata-sections -Wall -fstack-usage -MMD -MP -MF"Core/Src/main.d" -MT"Core/Src/main.o" --specs=nano.specs -mfloat-abi=soft -mthumb -o "Core/Src/main.o"
arm-none-eabi-gcc -o "STM32.elf" @"objects.list"   -mcpu=cortex-m3 -T"D:\Project_VXL\Assign_MCU\STM32\STM32F103RBTX_FLASH.ld" --specs=nosys.specs -Wl,-Map="STM32.map" -Wl,--gc-sections -static --specs=nano.specs -mfloat-abi=soft -mthumb -Wl,--start-group -lc -lm -Wl,--end-group
Finished building target: STM32.elf
 
arm-none-eabi-size   STM32.elf 
arm-none-eabi-objdump -h -S  STM32.elf  > "STM32.list"
arm-none-eabi-objcopy  -O ihex  STM32.elf  "STM32.hex"
arm-none-eabi-objcopy  -O binary  STM32.elf  "STM32.bin"
   text	   data	    bss	    dec	    hex	filename
  14752	    140	   2012	  16904	   4208	STM32.elf
Finished building: default.size.stdout
 
Finished building: STM32.hex
Finished building: STM32.bin
 
 
Finished building: STM32.list
 
10:51:59 **** Incremental Build of configuration Debug for project STM32 ****
make -j4 all 
arm-none-eabi-gcc "../Core/Src/fsm_automatic.c" -mcpu=cortex-m3 -std=gnu11 -g3 -DDEBUG -DUSE_HAL_DRIVER -DSTM32F103xB -c -I../Core/Inc -I../Drivers/STM32F1xx_HAL_Driver/Inc -I../Drivers/STM32F1xx_HAL_Driver/Inc/Legacy -I../Drivers/CMSIS/Device/ST/STM32F1xx/Include -I../Drivers/CMSIS/Include -O0 -ffunction-sections -fdata-sections -Wall -fstack-usage -MMD -MP -MF"Core/Src/fsm_automatic.d" -MT"Core/Src/fsm_automatic.o" --specs=nano.specs -mfloat-abi=soft -mthumb -o "Core/Src/fsm_automatic.o"
arm-none-eabi-gcc "../Core/Src/main.c" -mcpu=cortex-m3 -std=gnu11 -g3 -DDEBUG -DUSE_HAL_DRIVER -DSTM32F103xB -c -I../Core/Inc -I../Drivers/STM32F1xx_HAL_Driver/Inc -I../Drivers/STM32F1xx_HAL_Driver/Inc/Legacy -I../Drivers/CMSIS/Device/ST/STM32F1xx/Include -I../Drivers/CMSIS/Include -O0 -ffunction-sections -fdata-sections -Wall -fstack-usage -MMD -MP -MF"Core/Src/main.d" -MT"Core/Src/main.o" --specs=nano.specs -mfloat-abi=soft -mthumb -o "Core/Src/main.o"
arm-none-eabi-gcc -o "STM32.elf" @"objects.list"   -mcpu=cortex-m3 -T"D:\Project_VXL\Assign_MCU\STM32\STM32F103RBTX_FLASH.ld" --specs=nosys.specs -Wl,-Map="STM32.map" -Wl,--gc-sections -static --specs=nano.specs -mfloat-abi=soft -mthumb -Wl,--start-group -lc -lm -Wl,--end-group
Finished building target: STM32.elf
 
arm-none-eabi-size   STM32.elf 
arm-none-eabi-objdump -h -S  STM32.elf  > "STM32.list"
arm-none-eabi-objcopy  -O ihex  STM32.elf  "STM32.hex"
arm-none-eabi-objcopy  -O binary  STM32.elf  "STM32.bin"
   text	   data	    bss	    dec	    hex	filename
  14752	    140	   2012	  16904	   4208	STM32.elf
Finished building: default.size.stdout
 
Finished building: STM32.hex
Finished building: STM32.bin
 
 
Finished building: STM32.list
 
10:53:47 **** Incremental Build of configuration Debug for project STM32 ****
make -j4 all 
arm-none-eabi-gcc "../Core/Src/fsm_automatic.c" -mcpu=cortex-m3 -std=gnu11 -g3 -DDEBUG -DUSE_HAL_DRIVER -DSTM32F103xB -c -I../Core/Inc -I../Drivers/STM32F1xx_HAL_Driver/Inc -I../Drivers/STM32F1xx_HAL_Driver/Inc/Legacy -I../Drivers/CMSIS/Device/ST/STM32F1xx/Include -I../Drivers/CMSIS/Include -O0 -ffunction-sections -fdata-sections -Wall -fstack-usage -MMD -MP -MF"Core/Src/fsm_automatic.d" -MT"Core/Src/fsm_automatic.o" --specs=nano.specs -mfloat-abi=soft -mthumb -o "Core/Src/fsm_automatic.o"
arm-none-eabi-gcc "../Core/Src/main.c" -mcpu=cortex-m3 -std=gnu11 -g3 -DDEBUG -DUSE_HAL_DRIVER -DSTM32F103xB -c -I../Core/Inc -I../Drivers/STM32F1xx_HAL_Driver/Inc -I../Drivers/STM32F1xx_HAL_Driver/Inc/Legacy -I../Drivers/CMSIS/Device/ST/STM32F1xx/Include -I../Drivers/CMSIS/Include -O0 -ffunction-sections -fdata-sections -Wall -fstack-usage -MMD -MP -MF"Core/Src/main.d" -MT"Core/Src/main.o" --specs=nano.specs -mfloat-abi=soft -mthumb -o "Core/Src/main.o"
arm-none-eabi-gcc -o "STM32.elf" @"objects.list"   -mcpu=cortex-m3 -T"D:\Project_VXL\Assign_MCU\STM32\STM32F103RBTX_FLASH.ld" --specs=nosys.specs -Wl,-Map="STM32.map" -Wl,--gc-sections -static --specs=nano.specs -mfloat-abi=soft -mthumb -Wl,--start-group -lc -lm -Wl,--end-group
Finished building target: STM32.elf
 
arm-none-eabi-size   STM32.elf 
arm-none-eabi-objdump -h -S  STM32.elf  > "STM32.list"
arm-none-eabi-objcopy  -O ihex  STM32.elf  "STM32.hex"
   text	   data	    bss	    dec	    hex	filename
  14752	    140	   2012	  16904	   4208	STM32.elf
arm-none-eabi-objcopy  -O binary  STM32.elf  "STM32.bin"
Finished building: default.size.stdout
 
Finished building: STM32.bin
Finished building: STM32.hex
 
Finished building: STM32.list
 
 
10:56:17 **** Incremental Build of configuration Debug for project STM32 ****
make -j4 all 
arm-none-eabi-gcc "../Core/Src/fsm_automatic.c" -mcpu=cortex-m3 -std=gnu11 -g3 -DDEBUG -DUSE_HAL_DRIVER -DSTM32F103xB -c -I../Core/Inc -I../Drivers/STM32F1xx_HAL_Driver/Inc -I../Drivers/STM32F1xx_HAL_Driver/Inc/Legacy -I../Drivers/CMSIS/Device/ST/STM32F1xx/Include -I../Drivers/CMSIS/Include -O0 -ffunction-sections -fdata-sections -Wall -fstack-usage -MMD -MP -MF"Core/Src/fsm_automatic.d" -MT"Core/Src/fsm_automatic.o" --specs=nano.specs -mfloat-abi=soft -mthumb -o "Core/Src/fsm_automatic.o"
arm-none-eabi-gcc "../Core/Src/main.c" -mcpu=cortex-m3 -std=gnu11 -g3 -DDEBUG -DUSE_HAL_DRIVER -DSTM32F103xB -c -I../Core/Inc -I../Drivers/STM32F1xx_HAL_Driver/Inc -I../Drivers/STM32F1xx_HAL_Driver/Inc/Legacy -I../Drivers/CMSIS/Device/ST/STM32F1xx/Include -I../Drivers/CMSIS/Include -O0 -ffunction-sections -fdata-sections -Wall -fstack-usage -MMD -MP -MF"Core/Src/main.d" -MT"Core/Src/main.o" --specs=nano.specs -mfloat-abi=soft -mthumb -o "Core/Src/main.o"
arm-none-eabi-gcc -o "STM32.elf" @"objects.list"   -mcpu=cortex-m3 -T"D:\Project_VXL\Assign_MCU\STM32\STM32F103RBTX_FLASH.ld" --specs=nosys.specs -Wl,-Map="STM32.map" -Wl,--gc-sections -static --specs=nano.specs -mfloat-abi=soft -mthumb -Wl,--start-group -lc -lm -Wl,--end-group
Finished building target: STM32.elf
 
arm-none-eabi-size   STM32.elf 
arm-none-eabi-objdump -h -S  STM32.elf  > "STM32.list"
arm-none-eabi-objcopy  -O ihex  STM32.elf  "STM32.hex"
arm-none-eabi-objcopy  -O binary  STM32.elf  "STM32.bin"
   text	   data	    bss	    dec	    hex	filename
  14752	    140	   2012	  16904	   4208	STM32.elf
Finished building: default.size.stdout
 
Finished building: STM32.hex
Finished building: STM32.bin
 
 
Finished building: STM32.list
 
10:57:54 **** Incremental Build of configuration Debug for project STM32 ****
make -j4 all 
arm-none-eabi-gcc "../Core/Src/fsm_automatic.c" -mcpu=cortex-m3 -std=gnu11 -g3 -DDEBUG -DUSE_HAL_DRIVER -DSTM32F103xB -c -I../Core/Inc -I../Drivers/STM32F1xx_HAL_Driver/Inc -I../Drivers/STM32F1xx_HAL_Driver/Inc/Legacy -I../Drivers/CMSIS/Device/ST/STM32F1xx/Include -I../Drivers/CMSIS/Include -O0 -ffunction-sections -fdata-sections -Wall -fstack-usage -MMD -MP -MF"Core/Src/fsm_automatic.d" -MT"Core/Src/fsm_automatic.o" --specs=nano.specs -mfloat-abi=soft -mthumb -o "Core/Src/fsm_automatic.o"
arm-none-eabi-gcc "../Core/Src/main.c" -mcpu=cortex-m3 -std=gnu11 -g3 -DDEBUG -DUSE_HAL_DRIVER -DSTM32F103xB -c -I../Core/Inc -I../Drivers/STM32F1xx_HAL_Driver/Inc -I../Drivers/STM32F1xx_HAL_Driver/Inc/Legacy -I../Drivers/CMSIS/Device/ST/STM32F1xx/Include -I../Drivers/CMSIS/Include -O0 -ffunction-sections -fdata-sections -Wall -fstack-usage -MMD -MP -MF"Core/Src/main.d" -MT"Core/Src/main.o" --specs=nano.specs -mfloat-abi=soft -mthumb -o "Core/Src/main.o"
arm-none-eabi-gcc -o "STM32.elf" @"objects.list"   -mcpu=cortex-m3 -T"D:\Project_VXL\Assign_MCU\STM32\STM32F103RBTX_FLASH.ld" --specs=nosys.specs -Wl,-Map="STM32.map" -Wl,--gc-sections -static --specs=nano.specs -mfloat-abi=soft -mthumb -Wl,--start-group -lc -lm -Wl,--end-group
Finished building target: STM32.elf
 
arm-none-eabi-size   STM32.elf 
arm-none-eabi-objdump -h -S  STM32.elf  > "STM32.list"
arm-none-eabi-objcopy  -O ihex  STM32.elf  "STM32.hex"
arm-none-eabi-objcopy  -O binary  STM32.elf  "STM32.bin"
   text	   data	    bss	    dec	    hex	filename
  14752	    140	   2012	  16904	   4208	STM32.elf
Finished building: default.size.stdout
 
Finished building: STM32.hex
Finished building: STM32.bin
 
 
Finished building: STM32.list
 
11:02:57 **** Incremental Build of configuration Debug for project STM32 ****
make -j4 all 
arm-none-eabi-gcc "../Core/Src/fsm_automatic.c" -mcpu=cortex-m3 -std=gnu11 -g3 -DDEBUG -DUSE_HAL_DRIVER -DSTM32F103xB -c -I../Core/Inc -I../Drivers/STM32F1xx_HAL_Driver/Inc -I../Drivers/STM32F1xx_HAL_Driver/Inc/Legacy -I../Drivers/CMSIS/Device/ST/STM32F1xx/Include -I../Drivers/CMSIS/Include -O0 -ffunction-sections -fdata-sections -Wall -fstack-usage -MMD -MP -MF"Core/Src/fsm_automatic.d" -MT"Core/Src/fsm_automatic.o" --specs=nano.specs -mfloat-abi=soft -mthumb -o "Core/Src/fsm_automatic.o"
arm-none-eabi-gcc -o "STM32.elf" @"objects.list"   -mcpu=cortex-m3 -T"D:\Project_VXL\Assign_MCU\STM32\STM32F103RBTX_FLASH.ld" --specs=nosys.specs -Wl,-Map="STM32.map" -Wl,--gc-sections -static --specs=nano.specs -mfloat-abi=soft -mthumb -Wl,--start-group -lc -lm -Wl,--end-group
Finished building target: STM32.elf
 
arm-none-eabi-size   STM32.elf 
arm-none-eabi-objdump -h -S  STM32.elf  > "STM32.list"
arm-none-eabi-objcopy  -O ihex  STM32.elf  "STM32.hex"
arm-none-eabi-objcopy  -O binary  STM32.elf  "STM32.bin"
   text	   data	    bss	    dec	    hex	filename
  14812	    140	   2012	  16964	   4244	STM32.elf
Finished building: default.size.stdout
 
Finished building: STM32.hex
Finished building: STM32.bin
 
 
Finished building: STM32.list
 
11:04:06 **** Incremental Build of configuration Debug for project STM32 ****
make -j4 all 
arm-none-eabi-gcc "../Core/Src/fsm_automatic.c" -mcpu=cortex-m3 -std=gnu11 -g3 -DDEBUG -DUSE_HAL_DRIVER -DSTM32F103xB -c -I../Core/Inc -I../Drivers/STM32F1xx_HAL_Driver/Inc -I../Drivers/STM32F1xx_HAL_Driver/Inc/Legacy -I../Drivers/CMSIS/Device/ST/STM32F1xx/Include -I../Drivers/CMSIS/Include -O0 -ffunction-sections -fdata-sections -Wall -fstack-usage -MMD -MP -MF"Core/Src/fsm_automatic.d" -MT"Core/Src/fsm_automatic.o" --specs=nano.specs -mfloat-abi=soft -mthumb -o "Core/Src/fsm_automatic.o"
arm-none-eabi-gcc "../Core/Src/main.c" -mcpu=cortex-m3 -std=gnu11 -g3 -DDEBUG -DUSE_HAL_DRIVER -DSTM32F103xB -c -I../Core/Inc -I../Drivers/STM32F1xx_HAL_Driver/Inc -I../Drivers/STM32F1xx_HAL_Driver/Inc/Legacy -I../Drivers/CMSIS/Device/ST/STM32F1xx/Include -I../Drivers/CMSIS/Include -O0 -ffunction-sections -fdata-sections -Wall -fstack-usage -MMD -MP -MF"Core/Src/main.d" -MT"Core/Src/main.o" --specs=nano.specs -mfloat-abi=soft -mthumb -o "Core/Src/main.o"
arm-none-eabi-gcc -o "STM32.elf" @"objects.list"   -mcpu=cortex-m3 -T"D:\Project_VXL\Assign_MCU\STM32\STM32F103RBTX_FLASH.ld" --specs=nosys.specs -Wl,-Map="STM32.map" -Wl,--gc-sections -static --specs=nano.specs -mfloat-abi=soft -mthumb -Wl,--start-group -lc -lm -Wl,--end-group
Finished building target: STM32.elf
 
arm-none-eabi-size   STM32.elf 
arm-none-eabi-objdump -h -S  STM32.elf  > "STM32.list"
arm-none-eabi-objcopy  -O ihex  STM32.elf  "STM32.hex"
   text	   data	    bss	    dec	    hex	filename
  14812	    140	   2012	  16964	   4244	STM32.elf
arm-none-eabi-objcopy  -O binary  STM32.elf  "STM32.bin"
Finished building: default.size.stdout
 
Finished building: STM32.bin
Finished building: STM32.hex
 
 
Finished building: STM32.list
 
11:05:09 **** Incremental Build of configuration Debug for project STM32 ****
make -j4 all 
arm-none-eabi-gcc "../Core/Src/fsm_automatic.c" -mcpu=cortex-m3 -std=gnu11 -g3 -DDEBUG -DUSE_HAL_DRIVER -DSTM32F103xB -c -I../Core/Inc -I../Drivers/STM32F1xx_HAL_Driver/Inc -I../Drivers/STM32F1xx_HAL_Driver/Inc/Legacy -I../Drivers/CMSIS/Device/ST/STM32F1xx/Include -I../Drivers/CMSIS/Include -O0 -ffunction-sections -fdata-sections -Wall -fstack-usage -MMD -MP -MF"Core/Src/fsm_automatic.d" -MT"Core/Src/fsm_automatic.o" --specs=nano.specs -mfloat-abi=soft -mthumb -o "Core/Src/fsm_automatic.o"
arm-none-eabi-gcc "../Core/Src/main.c" -mcpu=cortex-m3 -std=gnu11 -g3 -DDEBUG -DUSE_HAL_DRIVER -DSTM32F103xB -c -I../Core/Inc -I../Drivers/STM32F1xx_HAL_Driver/Inc -I../Drivers/STM32F1xx_HAL_Driver/Inc/Legacy -I../Drivers/CMSIS/Device/ST/STM32F1xx/Include -I../Drivers/CMSIS/Include -O0 -ffunction-sections -fdata-sections -Wall -fstack-usage -MMD -MP -MF"Core/Src/main.d" -MT"Core/Src/main.o" --specs=nano.specs -mfloat-abi=soft -mthumb -o "Core/Src/main.o"
arm-none-eabi-gcc -o "STM32.elf" @"objects.list"   -mcpu=cortex-m3 -T"D:\Project_VXL\Assign_MCU\STM32\STM32F103RBTX_FLASH.ld" --specs=nosys.specs -Wl,-Map="STM32.map" -Wl,--gc-sections -static --specs=nano.specs -mfloat-abi=soft -mthumb -Wl,--start-group -lc -lm -Wl,--end-group
Finished building target: STM32.elf
 
arm-none-eabi-size   STM32.elf 
arm-none-eabi-objdump -h -S  STM32.elf  > "STM32.list"
arm-none-eabi-objcopy  -O ihex  STM32.elf  "STM32.hex"
arm-none-eabi-objcopy  -O binary  STM32.elf  "STM32.bin"
   text	   data	    bss	    dec	    hex	filename
  14816	    140	   2012	  16968	   4248	STM32.elf
Finished building: default.size.stdout
Finished building: STM32.hex
Finished building: STM32.bin
 
 
 
Finished building: STM32.list
 
11:06:30 **** Incremental Build of configuration Debug for project STM32 ****
make -j4 all 
arm-none-eabi-gcc "../Core/Src/fsm_automatic.c" -mcpu=cortex-m3 -std=gnu11 -g3 -DDEBUG -DUSE_HAL_DRIVER -DSTM32F103xB -c -I../Core/Inc -I../Drivers/STM32F1xx_HAL_Driver/Inc -I../Drivers/STM32F1xx_HAL_Driver/Inc/Legacy -I../Drivers/CMSIS/Device/ST/STM32F1xx/Include -I../Drivers/CMSIS/Include -O0 -ffunction-sections -fdata-sections -Wall -fstack-usage -MMD -MP -MF"Core/Src/fsm_automatic.d" -MT"Core/Src/fsm_automatic.o" --specs=nano.specs -mfloat-abi=soft -mthumb -o "Core/Src/fsm_automatic.o"
arm-none-eabi-gcc "../Core/Src/main.c" -mcpu=cortex-m3 -std=gnu11 -g3 -DDEBUG -DUSE_HAL_DRIVER -DSTM32F103xB -c -I../Core/Inc -I../Drivers/STM32F1xx_HAL_Driver/Inc -I../Drivers/STM32F1xx_HAL_Driver/Inc/Legacy -I../Drivers/CMSIS/Device/ST/STM32F1xx/Include -I../Drivers/CMSIS/Include -O0 -ffunction-sections -fdata-sections -Wall -fstack-usage -MMD -MP -MF"Core/Src/main.d" -MT"Core/Src/main.o" --specs=nano.specs -mfloat-abi=soft -mthumb -o "Core/Src/main.o"
arm-none-eabi-gcc -o "STM32.elf" @"objects.list"   -mcpu=cortex-m3 -T"D:\Project_VXL\Assign_MCU\STM32\STM32F103RBTX_FLASH.ld" --specs=nosys.specs -Wl,-Map="STM32.map" -Wl,--gc-sections -static --specs=nano.specs -mfloat-abi=soft -mthumb -Wl,--start-group -lc -lm -Wl,--end-group
Finished building target: STM32.elf
 
arm-none-eabi-size   STM32.elf 
arm-none-eabi-objdump -h -S  STM32.elf  > "STM32.list"
arm-none-eabi-objcopy  -O ihex  STM32.elf  "STM32.hex"
arm-none-eabi-objcopy  -O binary  STM32.elf  "STM32.bin"
   text	   data	    bss	    dec	    hex	filename
  14812	    140	   2012	  16964	   4244	STM32.elf
Finished building: default.size.stdout
 
Finished building: STM32.hex
Finished building: STM32.bin
Finished building: STM32.list
 
 
 
11:09:13 **** Incremental Build of configuration Debug for project STM32 ****
make -j4 all 
arm-none-eabi-gcc "../Core/Src/fsm_automatic.c" -mcpu=cortex-m3 -std=gnu11 -g3 -DDEBUG -DUSE_HAL_DRIVER -DSTM32F103xB -c -I../Core/Inc -I../Drivers/STM32F1xx_HAL_Driver/Inc -I../Drivers/STM32F1xx_HAL_Driver/Inc/Legacy -I../Drivers/CMSIS/Device/ST/STM32F1xx/Include -I../Drivers/CMSIS/Include -O0 -ffunction-sections -fdata-sections -Wall -fstack-usage -MMD -MP -MF"Core/Src/fsm_automatic.d" -MT"Core/Src/fsm_automatic.o" --specs=nano.specs -mfloat-abi=soft -mthumb -o "Core/Src/fsm_automatic.o"
arm-none-eabi-gcc "../Core/Src/main.c" -mcpu=cortex-m3 -std=gnu11 -g3 -DDEBUG -DUSE_HAL_DRIVER -DSTM32F103xB -c -I../Core/Inc -I../Drivers/STM32F1xx_HAL_Driver/Inc -I../Drivers/STM32F1xx_HAL_Driver/Inc/Legacy -I../Drivers/CMSIS/Device/ST/STM32F1xx/Include -I../Drivers/CMSIS/Include -O0 -ffunction-sections -fdata-sections -Wall -fstack-usage -MMD -MP -MF"Core/Src/main.d" -MT"Core/Src/main.o" --specs=nano.specs -mfloat-abi=soft -mthumb -o "Core/Src/main.o"
arm-none-eabi-gcc -o "STM32.elf" @"objects.list"   -mcpu=cortex-m3 -T"D:\Project_VXL\Assign_MCU\STM32\STM32F103RBTX_FLASH.ld" --specs=nosys.specs -Wl,-Map="STM32.map" -Wl,--gc-sections -static --specs=nano.specs -mfloat-abi=soft -mthumb -Wl,--start-group -lc -lm -Wl,--end-group
Finished building target: STM32.elf
 
arm-none-eabi-size   STM32.elf 
arm-none-eabi-objdump -h -S  STM32.elf  > "STM32.list"
arm-none-eabi-objcopy  -O ihex  STM32.elf  "STM32.hex"
arm-none-eabi-objcopy  -O binary  STM32.elf  "STM32.bin"
   text	   data	    bss	    dec	    hex	filename
  14812	    140	   2012	  16964	   4244	STM32.elf
Finished building: default.size.stdout
 
Finished building: STM32.hex
Finished building: STM32.bin
 
 
Finished building: STM32.list
 
11:10:09 **** Incremental Build of configuration Debug for project STM32 ****
make -j4 all 
arm-none-eabi-gcc "../Core/Src/fsm_automatic.c" -mcpu=cortex-m3 -std=gnu11 -g3 -DDEBUG -DUSE_HAL_DRIVER -DSTM32F103xB -c -I../Core/Inc -I../Drivers/STM32F1xx_HAL_Driver/Inc -I../Drivers/STM32F1xx_HAL_Driver/Inc/Legacy -I../Drivers/CMSIS/Device/ST/STM32F1xx/Include -I../Drivers/CMSIS/Include -O0 -ffunction-sections -fdata-sections -Wall -fstack-usage -MMD -MP -MF"Core/Src/fsm_automatic.d" -MT"Core/Src/fsm_automatic.o" --specs=nano.specs -mfloat-abi=soft -mthumb -o "Core/Src/fsm_automatic.o"
arm-none-eabi-gcc "../Core/Src/main.c" -mcpu=cortex-m3 -std=gnu11 -g3 -DDEBUG -DUSE_HAL_DRIVER -DSTM32F103xB -c -I../Core/Inc -I../Drivers/STM32F1xx_HAL_Driver/Inc -I../Drivers/STM32F1xx_HAL_Driver/Inc/Legacy -I../Drivers/CMSIS/Device/ST/STM32F1xx/Include -I../Drivers/CMSIS/Include -O0 -ffunction-sections -fdata-sections -Wall -fstack-usage -MMD -MP -MF"Core/Src/main.d" -MT"Core/Src/main.o" --specs=nano.specs -mfloat-abi=soft -mthumb -o "Core/Src/main.o"
arm-none-eabi-gcc -o "STM32.elf" @"objects.list"   -mcpu=cortex-m3 -T"D:\Project_VXL\Assign_MCU\STM32\STM32F103RBTX_FLASH.ld" --specs=nosys.specs -Wl,-Map="STM32.map" -Wl,--gc-sections -static --specs=nano.specs -mfloat-abi=soft -mthumb -Wl,--start-group -lc -lm -Wl,--end-group
Finished building target: STM32.elf
 
arm-none-eabi-size   STM32.elf 
arm-none-eabi-objdump -h -S  STM32.elf  > "STM32.list"
arm-none-eabi-objcopy  -O ihex  STM32.elf  "STM32.hex"
arm-none-eabi-objcopy  -O binary  STM32.elf  "STM32.bin"
   text	   data	    bss	    dec	    hex	filename
  14808	    140	   2012	  16960	   4240	STM32.elf
Finished building: default.size.stdout
 
Finished building: STM32.hex
Finished building: STM32.bin
 
 
Finished building: STM32.list
 
11:10:51 **** Incremental Build of configuration Debug for project STM32 ****
make -j4 all 
arm-none-eabi-gcc "../Core/Src/fsm_automatic.c" -mcpu=cortex-m3 -std=gnu11 -g3 -DDEBUG -DUSE_HAL_DRIVER -DSTM32F103xB -c -I../Core/Inc -I../Drivers/STM32F1xx_HAL_Driver/Inc -I../Drivers/STM32F1xx_HAL_Driver/Inc/Legacy -I../Drivers/CMSIS/Device/ST/STM32F1xx/Include -I../Drivers/CMSIS/Include -O0 -ffunction-sections -fdata-sections -Wall -fstack-usage -MMD -MP -MF"Core/Src/fsm_automatic.d" -MT"Core/Src/fsm_automatic.o" --specs=nano.specs -mfloat-abi=soft -mthumb -o "Core/Src/fsm_automatic.o"
arm-none-eabi-gcc "../Core/Src/main.c" -mcpu=cortex-m3 -std=gnu11 -g3 -DDEBUG -DUSE_HAL_DRIVER -DSTM32F103xB -c -I../Core/Inc -I../Drivers/STM32F1xx_HAL_Driver/Inc -I../Drivers/STM32F1xx_HAL_Driver/Inc/Legacy -I../Drivers/CMSIS/Device/ST/STM32F1xx/Include -I../Drivers/CMSIS/Include -O0 -ffunction-sections -fdata-sections -Wall -fstack-usage -MMD -MP -MF"Core/Src/main.d" -MT"Core/Src/main.o" --specs=nano.specs -mfloat-abi=soft -mthumb -o "Core/Src/main.o"
arm-none-eabi-gcc -o "STM32.elf" @"objects.list"   -mcpu=cortex-m3 -T"D:\Project_VXL\Assign_MCU\STM32\STM32F103RBTX_FLASH.ld" --specs=nosys.specs -Wl,-Map="STM32.map" -Wl,--gc-sections -static --specs=nano.specs -mfloat-abi=soft -mthumb -Wl,--start-group -lc -lm -Wl,--end-group
Finished building target: STM32.elf
 
arm-none-eabi-size   STM32.elf 
arm-none-eabi-objdump -h -S  STM32.elf  > "STM32.list"
arm-none-eabi-objcopy  -O ihex  STM32.elf  "STM32.hex"
arm-none-eabi-objcopy  -O binary  STM32.elf  "STM32.bin"
   text	   data	    bss	    dec	    hex	filename
  14808	    140	   2012	  16960	   4240	STM32.elf
Finished building: default.size.stdout
 
Finished building: STM32.bin
Finished building: STM32.hex
Finished building: STM32.list
 
 
 
11:11:43 **** Incremental Build of configuration Debug for project STM32 ****
make -j4 all 
arm-none-eabi-gcc "../Core/Src/fsm_automatic.c" -mcpu=cortex-m3 -std=gnu11 -g3 -DDEBUG -DUSE_HAL_DRIVER -DSTM32F103xB -c -I../Core/Inc -I../Drivers/STM32F1xx_HAL_Driver/Inc -I../Drivers/STM32F1xx_HAL_Driver/Inc/Legacy -I../Drivers/CMSIS/Device/ST/STM32F1xx/Include -I../Drivers/CMSIS/Include -O0 -ffunction-sections -fdata-sections -Wall -fstack-usage -MMD -MP -MF"Core/Src/fsm_automatic.d" -MT"Core/Src/fsm_automatic.o" --specs=nano.specs -mfloat-abi=soft -mthumb -o "Core/Src/fsm_automatic.o"
arm-none-eabi-gcc "../Core/Src/main.c" -mcpu=cortex-m3 -std=gnu11 -g3 -DDEBUG -DUSE_HAL_DRIVER -DSTM32F103xB -c -I../Core/Inc -I../Drivers/STM32F1xx_HAL_Driver/Inc -I../Drivers/STM32F1xx_HAL_Driver/Inc/Legacy -I../Drivers/CMSIS/Device/ST/STM32F1xx/Include -I../Drivers/CMSIS/Include -O0 -ffunction-sections -fdata-sections -Wall -fstack-usage -MMD -MP -MF"Core/Src/main.d" -MT"Core/Src/main.o" --specs=nano.specs -mfloat-abi=soft -mthumb -o "Core/Src/main.o"
arm-none-eabi-gcc -o "STM32.elf" @"objects.list"   -mcpu=cortex-m3 -T"D:\Project_VXL\Assign_MCU\STM32\STM32F103RBTX_FLASH.ld" --specs=nosys.specs -Wl,-Map="STM32.map" -Wl,--gc-sections -static --specs=nano.specs -mfloat-abi=soft -mthumb -Wl,--start-group -lc -lm -Wl,--end-group
Finished building target: STM32.elf
 
arm-none-eabi-size   STM32.elf 
arm-none-eabi-objdump -h -S  STM32.elf  > "STM32.list"
arm-none-eabi-objcopy  -O ihex  STM32.elf  "STM32.hex"
arm-none-eabi-objcopy  -O binary  STM32.elf  "STM32.bin"
   text	   data	    bss	    dec	    hex	filename
  14812	    140	   2012	  16964	   4244	STM32.elf
Finished building: default.size.stdout
 
Finished building: STM32.hex
Finished building: STM32.bin
 
Finished building: STM32.list
 
 
11:12:31 **** Incremental Build of configuration Debug for project STM32 ****
make -j4 all 
arm-none-eabi-gcc "../Core/Src/fsm_automatic.c" -mcpu=cortex-m3 -std=gnu11 -g3 -DDEBUG -DUSE_HAL_DRIVER -DSTM32F103xB -c -I../Core/Inc -I../Drivers/STM32F1xx_HAL_Driver/Inc -I../Drivers/STM32F1xx_HAL_Driver/Inc/Legacy -I../Drivers/CMSIS/Device/ST/STM32F1xx/Include -I../Drivers/CMSIS/Include -O0 -ffunction-sections -fdata-sections -Wall -fstack-usage -MMD -MP -MF"Core/Src/fsm_automatic.d" -MT"Core/Src/fsm_automatic.o" --specs=nano.specs -mfloat-abi=soft -mthumb -o "Core/Src/fsm_automatic.o"
arm-none-eabi-gcc "../Core/Src/main.c" -mcpu=cortex-m3 -std=gnu11 -g3 -DDEBUG -DUSE_HAL_DRIVER -DSTM32F103xB -c -I../Core/Inc -I../Drivers/STM32F1xx_HAL_Driver/Inc -I../Drivers/STM32F1xx_HAL_Driver/Inc/Legacy -I../Drivers/CMSIS/Device/ST/STM32F1xx/Include -I../Drivers/CMSIS/Include -O0 -ffunction-sections -fdata-sections -Wall -fstack-usage -MMD -MP -MF"Core/Src/main.d" -MT"Core/Src/main.o" --specs=nano.specs -mfloat-abi=soft -mthumb -o "Core/Src/main.o"
arm-none-eabi-gcc -o "STM32.elf" @"objects.list"   -mcpu=cortex-m3 -T"D:\Project_VXL\Assign_MCU\STM32\STM32F103RBTX_FLASH.ld" --specs=nosys.specs -Wl,-Map="STM32.map" -Wl,--gc-sections -static --specs=nano.specs -mfloat-abi=soft -mthumb -Wl,--start-group -lc -lm -Wl,--end-group
Finished building target: STM32.elf
 
arm-none-eabi-size   STM32.elf 
arm-none-eabi-objdump -h -S  STM32.elf  > "STM32.list"
arm-none-eabi-objcopy  -O ihex  STM32.elf  "STM32.hex"
arm-none-eabi-objcopy  -O binary  STM32.elf  "STM32.bin"
   text	   data	    bss	    dec	    hex	filename
  14812	    140	   2012	  16964	   4244	STM32.elf
Finished building: default.size.stdout
Finished building: STM32.hex
Finished building: STM32.bin
 
 
 
Finished building: STM32.list
 
11:34:56 **** Incremental Build of configuration Debug for project STM32 ****
make -j4 all 
arm-none-eabi-gcc "../Core/Src/main.c" -mcpu=cortex-m3 -std=gnu11 -g3 -DDEBUG -DUSE_HAL_DRIVER -DSTM32F103xB -c -I../Core/Inc -I../Drivers/STM32F1xx_HAL_Driver/Inc -I../Drivers/STM32F1xx_HAL_Driver/Inc/Legacy -I../Drivers/CMSIS/Device/ST/STM32F1xx/Include -I../Drivers/CMSIS/Include -O0 -ffunction-sections -fdata-sections -Wall -fstack-usage -MMD -MP -MF"Core/Src/main.d" -MT"Core/Src/main.o" --specs=nano.specs -mfloat-abi=soft -mthumb -o "Core/Src/main.o"
../Core/Src/main.c: In function 'HAL_TIM_PeriodElapsedCallback':
../Core/Src/main.c:338:1: error: expected declaration or statement at end of input
  338 | }
      | ^
At top level:
../Core/Src/main.c:329:6: warning: 'Error_Handler' defined but not used [-Wunused-function]
  329 | void Error_Handler(void)
      |      ^~~~~~~~~~~~~
make: *** [Core/Src/subdir.mk:64: Core/Src/main.o] Error 1
"make -j4 all" terminated with exit code 2. Build might be incomplete.
11:35:34 **** Incremental Build of configuration Debug for project STM32 ****
make -j4 all 
arm-none-eabi-gcc "../Core/Src/main.c" -mcpu=cortex-m3 -std=gnu11 -g3 -DDEBUG -DUSE_HAL_DRIVER -DSTM32F103xB -c -I../Core/Inc -I../Drivers/STM32F1xx_HAL_Driver/Inc -I../Drivers/STM32F1xx_HAL_Driver/Inc/Legacy -I../Drivers/CMSIS/Device/ST/STM32F1xx/Include -I../Drivers/CMSIS/Include -O0 -ffunction-sections -fdata-sections -Wall -fstack-usage -MMD -MP -MF"Core/Src/main.d" -MT"Core/Src/main.o" --specs=nano.specs -mfloat-abi=soft -mthumb -o "Core/Src/main.o"
arm-none-eabi-gcc -o "STM32.elf" @"objects.list"   -mcpu=cortex-m3 -T"D:\Project_VXL\Assign_MCU\STM32\STM32F103RBTX_FLASH.ld" --specs=nosys.specs -Wl,-Map="STM32.map" -Wl,--gc-sections -static --specs=nano.specs -mfloat-abi=soft -mthumb -Wl,--start-group -lc -lm -Wl,--end-group
Finished building target: STM32.elf
 
arm-none-eabi-size   STM32.elf 
arm-none-eabi-objdump -h -S  STM32.elf  > "STM32.list"
arm-none-eabi-objcopy  -O ihex  STM32.elf  "STM32.hex"
arm-none-eabi-objcopy  -O binary  STM32.elf  "STM32.bin"
   text	   data	    bss	    dec	    hex	filename
  16268	    140	   2820	  19228	   4b1c	STM32.elf
Finished building: STM32.bin
Finished building: default.size.stdout
 
 
Finished building: STM32.hex
Finished building: STM32.list
 
 
11:43:25 **** Incremental Build of configuration Debug for project STM32 ****
make -j4 all 
arm-none-eabi-gcc "../Core/Src/fsm_automatic.c" -mcpu=cortex-m3 -std=gnu11 -g3 -DDEBUG -DUSE_HAL_DRIVER -DSTM32F103xB -c -I../Core/Inc -I../Drivers/STM32F1xx_HAL_Driver/Inc -I../Drivers/STM32F1xx_HAL_Driver/Inc/Legacy -I../Drivers/CMSIS/Device/ST/STM32F1xx/Include -I../Drivers/CMSIS/Include -O0 -ffunction-sections -fdata-sections -Wall -fstack-usage -MMD -MP -MF"Core/Src/fsm_automatic.d" -MT"Core/Src/fsm_automatic.o" --specs=nano.specs -mfloat-abi=soft -mthumb -o "Core/Src/fsm_automatic.o"
arm-none-eabi-gcc -o "STM32.elf" @"objects.list"   -mcpu=cortex-m3 -T"D:\Project_VXL\Assign_MCU\STM32\STM32F103RBTX_FLASH.ld" --specs=nosys.specs -Wl,-Map="STM32.map" -Wl,--gc-sections -static --specs=nano.specs -mfloat-abi=soft -mthumb -Wl,--start-group -lc -lm -Wl,--end-group
Finished building target: STM32.elf
 
arm-none-eabi-size   STM32.elf 
arm-none-eabi-objdump -h -S  STM32.elf  > "STM32.list"
arm-none-eabi-objcopy  -O ihex  STM32.elf  "STM32.hex"
arm-none-eabi-objcopy  -O binary  STM32.elf  "STM32.bin"
   text	   data	    bss	    dec	    hex	filename
  16264	    140	   2820	  19224	   4b18	STM32.elf
Finished building: default.size.stdout
 
Finished building: STM32.hex
Finished building: STM32.bin
 
 
Finished building: STM32.list
 
11:44:48 **** Incremental Build of configuration Debug for project STM32 ****
make -j4 all 
arm-none-eabi-gcc "../Core/Src/fsm_automatic.c" -mcpu=cortex-m3 -std=gnu11 -g3 -DDEBUG -DUSE_HAL_DRIVER -DSTM32F103xB -c -I../Core/Inc -I../Drivers/STM32F1xx_HAL_Driver/Inc -I../Drivers/STM32F1xx_HAL_Driver/Inc/Legacy -I../Drivers/CMSIS/Device/ST/STM32F1xx/Include -I../Drivers/CMSIS/Include -O0 -ffunction-sections -fdata-sections -Wall -fstack-usage -MMD -MP -MF"Core/Src/fsm_automatic.d" -MT"Core/Src/fsm_automatic.o" --specs=nano.specs -mfloat-abi=soft -mthumb -o "Core/Src/fsm_automatic.o"
arm-none-eabi-gcc -o "STM32.elf" @"objects.list"   -mcpu=cortex-m3 -T"D:\Project_VXL\Assign_MCU\STM32\STM32F103RBTX_FLASH.ld" --specs=nosys.specs -Wl,-Map="STM32.map" -Wl,--gc-sections -static --specs=nano.specs -mfloat-abi=soft -mthumb -Wl,--start-group -lc -lm -Wl,--end-group
Finished building target: STM32.elf
 
arm-none-eabi-size   STM32.elf 
arm-none-eabi-objdump -h -S  STM32.elf  > "STM32.list"
arm-none-eabi-objcopy  -O ihex  STM32.elf  "STM32.hex"
arm-none-eabi-objcopy  -O binary  STM32.elf  "STM32.bin"
   text	   data	    bss	    dec	    hex	filename
  16264	    140	   2820	  19224	   4b18	STM32.elf
Finished building: default.size.stdout
 
Finished building: STM32.hex
Finished building: STM32.bin
 
 
Finished building: STM32.list
 
11:53:55 **** Incremental Build of configuration Debug for project STM32 ****
make -j4 all 
arm-none-eabi-gcc "../Core/Src/fsm_automatic.c" -mcpu=cortex-m3 -std=gnu11 -g3 -DDEBUG -DUSE_HAL_DRIVER -DSTM32F103xB -c -I../Core/Inc -I../Drivers/STM32F1xx_HAL_Driver/Inc -I../Drivers/STM32F1xx_HAL_Driver/Inc/Legacy -I../Drivers/CMSIS/Device/ST/STM32F1xx/Include -I../Drivers/CMSIS/Include -O0 -ffunction-sections -fdata-sections -Wall -fstack-usage -MMD -MP -MF"Core/Src/fsm_automatic.d" -MT"Core/Src/fsm_automatic.o" --specs=nano.specs -mfloat-abi=soft -mthumb -o "Core/Src/fsm_automatic.o"
arm-none-eabi-gcc "../Core/Src/main.c" -mcpu=cortex-m3 -std=gnu11 -g3 -DDEBUG -DUSE_HAL_DRIVER -DSTM32F103xB -c -I../Core/Inc -I../Drivers/STM32F1xx_HAL_Driver/Inc -I../Drivers/STM32F1xx_HAL_Driver/Inc/Legacy -I../Drivers/CMSIS/Device/ST/STM32F1xx/Include -I../Drivers/CMSIS/Include -O0 -ffunction-sections -fdata-sections -Wall -fstack-usage -MMD -MP -MF"Core/Src/main.d" -MT"Core/Src/main.o" --specs=nano.specs -mfloat-abi=soft -mthumb -o "Core/Src/main.o"
arm-none-eabi-gcc -o "STM32.elf" @"objects.list"   -mcpu=cortex-m3 -T"D:\Project_VXL\Assign_MCU\STM32\STM32F103RBTX_FLASH.ld" --specs=nosys.specs -Wl,-Map="STM32.map" -Wl,--gc-sections -static --specs=nano.specs -mfloat-abi=soft -mthumb -Wl,--start-group -lc -lm -Wl,--end-group
Finished building target: STM32.elf
 
arm-none-eabi-size   STM32.elf 
arm-none-eabi-objdump -h -S  STM32.elf  > "STM32.list"
arm-none-eabi-objcopy  -O ihex  STM32.elf  "STM32.hex"
arm-none-eabi-objcopy  -O binary  STM32.elf  "STM32.bin"
   text	   data	    bss	    dec	    hex	filename
  16264	    140	   2820	  19224	   4b18	STM32.elf
Finished building: default.size.stdout
Finished building: STM32.hex
 
Finished building: STM32.bin
 
 
Finished building: STM32.list
 
11:54:54 **** Incremental Build of configuration Debug for project STM32 ****
make -j4 all 
arm-none-eabi-gcc "../Core/Src/fsm_automatic.c" -mcpu=cortex-m3 -std=gnu11 -g3 -DDEBUG -DUSE_HAL_DRIVER -DSTM32F103xB -c -I../Core/Inc -I../Drivers/STM32F1xx_HAL_Driver/Inc -I../Drivers/STM32F1xx_HAL_Driver/Inc/Legacy -I../Drivers/CMSIS/Device/ST/STM32F1xx/Include -I../Drivers/CMSIS/Include -O0 -ffunction-sections -fdata-sections -Wall -fstack-usage -MMD -MP -MF"Core/Src/fsm_automatic.d" -MT"Core/Src/fsm_automatic.o" --specs=nano.specs -mfloat-abi=soft -mthumb -o "Core/Src/fsm_automatic.o"
arm-none-eabi-gcc "../Core/Src/main.c" -mcpu=cortex-m3 -std=gnu11 -g3 -DDEBUG -DUSE_HAL_DRIVER -DSTM32F103xB -c -I../Core/Inc -I../Drivers/STM32F1xx_HAL_Driver/Inc -I../Drivers/STM32F1xx_HAL_Driver/Inc/Legacy -I../Drivers/CMSIS/Device/ST/STM32F1xx/Include -I../Drivers/CMSIS/Include -O0 -ffunction-sections -fdata-sections -Wall -fstack-usage -MMD -MP -MF"Core/Src/main.d" -MT"Core/Src/main.o" --specs=nano.specs -mfloat-abi=soft -mthumb -o "Core/Src/main.o"
arm-none-eabi-gcc -o "STM32.elf" @"objects.list"   -mcpu=cortex-m3 -T"D:\Project_VXL\Assign_MCU\STM32\STM32F103RBTX_FLASH.ld" --specs=nosys.specs -Wl,-Map="STM32.map" -Wl,--gc-sections -static --specs=nano.specs -mfloat-abi=soft -mthumb -Wl,--start-group -lc -lm -Wl,--end-group
Finished building target: STM32.elf
 
arm-none-eabi-size   STM32.elf 
arm-none-eabi-objdump -h -S  STM32.elf  > "STM32.list"
arm-none-eabi-objcopy  -O ihex  STM32.elf  "STM32.hex"
arm-none-eabi-objcopy  -O binary  STM32.elf  "STM32.bin"
   text	   data	    bss	    dec	    hex	filename
  16264	    140	   2820	  19224	   4b18	STM32.elf
Finished building: default.size.stdout
 
Finished building: STM32.bin
Finished building: STM32.hex
 
 
Finished building: STM32.list
 
11:57:59 **** Incremental Build of configuration Debug for project STM32 ****
make -j4 all 
arm-none-eabi-gcc "../Core/Src/fsm_tunning.c" -mcpu=cortex-m3 -std=gnu11 -g3 -DDEBUG -DUSE_HAL_DRIVER -DSTM32F103xB -c -I../Core/Inc -I../Drivers/STM32F1xx_HAL_Driver/Inc -I../Drivers/STM32F1xx_HAL_Driver/Inc/Legacy -I../Drivers/CMSIS/Device/ST/STM32F1xx/Include -I../Drivers/CMSIS/Include -O0 -ffunction-sections -fdata-sections -Wall -fstack-usage -MMD -MP -MF"Core/Src/fsm_tunning.d" -MT"Core/Src/fsm_tunning.o" --specs=nano.specs -mfloat-abi=soft -mthumb -o "Core/Src/fsm_tunning.o"
../Core/Src/fsm_tunning.c: In function 'fsm_tunning_red':
../Core/Src/fsm_tunning.c:47:13: warning: implicit declaration of function 'init_automatic_mode' [-Wimplicit-function-declaration]
   47 |             init_automatic_mode();
      |             ^~~~~~~~~~~~~~~~~~~
arm-none-eabi-gcc -o "STM32.elf" @"objects.list"   -mcpu=cortex-m3 -T"D:\Project_VXL\Assign_MCU\STM32\STM32F103RBTX_FLASH.ld" --specs=nosys.specs -Wl,-Map="STM32.map" -Wl,--gc-sections -static --specs=nano.specs -mfloat-abi=soft -mthumb -Wl,--start-group -lc -lm -Wl,--end-group
Finished building target: STM32.elf
 
arm-none-eabi-size   STM32.elf 
arm-none-eabi-objdump -h -S  STM32.elf  > "STM32.list"
arm-none-eabi-objcopy  -O ihex  STM32.elf  "STM32.hex"
arm-none-eabi-objcopy  -O binary  STM32.elf  "STM32.bin"
   text	   data	    bss	    dec	    hex	filename
  16280	    140	   2820	  19240	   4b28	STM32.elf
Finished building: default.size.stdout
 
Finished building: STM32.hex
Finished building: STM32.bin
 
 
Finished building: STM32.list
 
11:58:46 **** Incremental Build of configuration Debug for project STM32 ****
make -j4 all 
arm-none-eabi-gcc "../Core/Src/fsm_tunning.c" -mcpu=cortex-m3 -std=gnu11 -g3 -DDEBUG -DUSE_HAL_DRIVER -DSTM32F103xB -c -I../Core/Inc -I../Drivers/STM32F1xx_HAL_Driver/Inc -I../Drivers/STM32F1xx_HAL_Driver/Inc/Legacy -I../Drivers/CMSIS/Device/ST/STM32F1xx/Include -I../Drivers/CMSIS/Include -O0 -ffunction-sections -fdata-sections -Wall -fstack-usage -MMD -MP -MF"Core/Src/fsm_tunning.d" -MT"Core/Src/fsm_tunning.o" --specs=nano.specs -mfloat-abi=soft -mthumb -o "Core/Src/fsm_tunning.o"
arm-none-eabi-gcc "../Core/Src/main.c" -mcpu=cortex-m3 -std=gnu11 -g3 -DDEBUG -DUSE_HAL_DRIVER -DSTM32F103xB -c -I../Core/Inc -I../Drivers/STM32F1xx_HAL_Driver/Inc -I../Drivers/STM32F1xx_HAL_Driver/Inc/Legacy -I../Drivers/CMSIS/Device/ST/STM32F1xx/Include -I../Drivers/CMSIS/Include -O0 -ffunction-sections -fdata-sections -Wall -fstack-usage -MMD -MP -MF"Core/Src/main.d" -MT"Core/Src/main.o" --specs=nano.specs -mfloat-abi=soft -mthumb -o "Core/Src/main.o"
arm-none-eabi-gcc -o "STM32.elf" @"objects.list"   -mcpu=cortex-m3 -T"D:\Project_VXL\Assign_MCU\STM32\STM32F103RBTX_FLASH.ld" --specs=nosys.specs -Wl,-Map="STM32.map" -Wl,--gc-sections -static --specs=nano.specs -mfloat-abi=soft -mthumb -Wl,--start-group -lc -lm -Wl,--end-group
Finished building target: STM32.elf
 
arm-none-eabi-size   STM32.elf 
arm-none-eabi-objdump -h -S  STM32.elf  > "STM32.list"
arm-none-eabi-objcopy  -O ihex  STM32.elf  "STM32.hex"
arm-none-eabi-objcopy  -O binary  STM32.elf  "STM32.bin"
   text	   data	    bss	    dec	    hex	filename
  16280	    140	   2820	  19240	   4b28	STM32.elf
Finished building: default.size.stdout
 
Finished building: STM32.bin
Finished building: STM32.hex
 
 
Finished building: STM32.list
 
12:04:08 **** Incremental Build of configuration Debug for project STM32 ****
make -j4 all 
arm-none-eabi-gcc "../Core/Src/fsm_automatic.c" -mcpu=cortex-m3 -std=gnu11 -g3 -DDEBUG -DUSE_HAL_DRIVER -DSTM32F103xB -c -I../Core/Inc -I../Drivers/STM32F1xx_HAL_Driver/Inc -I../Drivers/STM32F1xx_HAL_Driver/Inc/Legacy -I../Drivers/CMSIS/Device/ST/STM32F1xx/Include -I../Drivers/CMSIS/Include -O0 -ffunction-sections -fdata-sections -Wall -fstack-usage -MMD -MP -MF"Core/Src/fsm_automatic.d" -MT"Core/Src/fsm_automatic.o" --specs=nano.specs -mfloat-abi=soft -mthumb -o "Core/Src/fsm_automatic.o"
arm-none-eabi-gcc -o "STM32.elf" @"objects.list"   -mcpu=cortex-m3 -T"D:\Project_VXL\Assign_MCU\STM32\STM32F103RBTX_FLASH.ld" --specs=nosys.specs -Wl,-Map="STM32.map" -Wl,--gc-sections -static --specs=nano.specs -mfloat-abi=soft -mthumb -Wl,--start-group -lc -lm -Wl,--end-group
Finished building target: STM32.elf
 
arm-none-eabi-size   STM32.elf 
arm-none-eabi-objdump -h -S  STM32.elf  > "STM32.list"
arm-none-eabi-objcopy  -O ihex  STM32.elf  "STM32.hex"
arm-none-eabi-objcopy  -O binary  STM32.elf  "STM32.bin"
   text	   data	    bss	    dec	    hex	filename
  16292	    140	   2820	  19252	   4b34	STM32.elf
Finished building: default.size.stdout
 
Finished building: STM32.bin
Finished building: STM32.hex
 
 
Finished building: STM32.list
 
12:42:23 **** Incremental Build of configuration Debug for project STM32 ****
make -j4 all 
arm-none-eabi-gcc "../Core/Src/fsm_automatic.c" -mcpu=cortex-m3 -std=gnu11 -g3 -DDEBUG -DUSE_HAL_DRIVER -DSTM32F103xB -c -I../Core/Inc -I../Drivers/STM32F1xx_HAL_Driver/Inc -I../Drivers/STM32F1xx_HAL_Driver/Inc/Legacy -I../Drivers/CMSIS/Device/ST/STM32F1xx/Include -I../Drivers/CMSIS/Include -O0 -ffunction-sections -fdata-sections -Wall -fstack-usage -MMD -MP -MF"Core/Src/fsm_automatic.d" -MT"Core/Src/fsm_automatic.o" --specs=nano.specs -mfloat-abi=soft -mthumb -o "Core/Src/fsm_automatic.o"
arm-none-eabi-gcc "../Core/Src/main.c" -mcpu=cortex-m3 -std=gnu11 -g3 -DDEBUG -DUSE_HAL_DRIVER -DSTM32F103xB -c -I../Core/Inc -I../Drivers/STM32F1xx_HAL_Driver/Inc -I../Drivers/STM32F1xx_HAL_Driver/Inc/Legacy -I../Drivers/CMSIS/Device/ST/STM32F1xx/Include -I../Drivers/CMSIS/Include -O0 -ffunction-sections -fdata-sections -Wall -fstack-usage -MMD -MP -MF"Core/Src/main.d" -MT"Core/Src/main.o" --specs=nano.specs -mfloat-abi=soft -mthumb -o "Core/Src/main.o"
arm-none-eabi-gcc -o "STM32.elf" @"objects.list"   -mcpu=cortex-m3 -T"D:\Project_VXL\Assign_MCU\STM32\STM32F103RBTX_FLASH.ld" --specs=nosys.specs -Wl,-Map="STM32.map" -Wl,--gc-sections -static --specs=nano.specs -mfloat-abi=soft -mthumb -Wl,--start-group -lc -lm -Wl,--end-group
Finished building target: STM32.elf
 
arm-none-eabi-size   STM32.elf 
arm-none-eabi-objdump -h -S  STM32.elf  > "STM32.list"
arm-none-eabi-objcopy  -O ihex  STM32.elf  "STM32.hex"
arm-none-eabi-objcopy  -O binary  STM32.elf  "STM32.bin"
   text	   data	    bss	    dec	    hex	filename
  16304	    140	   2820	  19264	   4b40	STM32.elf
Finished building: default.size.stdout
 
Finished building: STM32.bin
Finished building: STM32.hex
 
 
Finished building: STM32.list
 
