12:42:23 **** Incremental Build of configuration Debug for project STM32 ****
make -j4 all 
arm-none-eabi-gcc "../Core/Src/fsm_automatic.c" -mcpu=cortex-m3 -std=gnu11 -g3 -DDEBUG -DUSE_HAL_DRIVER -DSTM32F103xB -c -I../Core/Inc -I../Drivers/STM32F1xx_HAL_Driver/Inc -I../Drivers/STM32F1xx_HAL_Driver/Inc/Legacy -I../Drivers/CMSIS/Device/ST/STM32F1xx/Include -I../Drivers/CMSIS/Include -O0 -ffunction-sections -fdata-sections -Wall -fstack-usage -MMD -MP -MF"Core/Src/fsm_automatic.d" -MT"Core/Src/fsm_automatic.o" --specs=nano.specs -mfloat-abi=soft -mthumb -o "Core/Src/fsm_automatic.o"
arm-none-eabi-gcc "../Core/Src/main.c" -mcpu=cortex-m3 -std=gnu11 -g3 -DDEBUG -DUSE_HAL_DRIVER -DSTM32F103xB -c -I../Core/Inc -I../Drivers/STM32F1xx_HAL_Driver/Inc -I../Drivers/STM32F1xx_HAL_Driver/Inc/Legacy -I../Drivers/CMSIS/Device/ST/STM32F1xx/Include -I../Drivers/CMSIS/Include -O0 -ffunction-sections -fdata-sections -Wall -fstack-usage -MMD -MP -MF"Core/Src/main.d" -MT"Core/Src/main.o" --specs=nano.specs -mfloat-abi=soft -mthumb -o "Core/Src/main.o"
arm-none-eabi-gcc -o "STM32.elf" @"objects.list"   -mcpu=cortex-m3 -T"D:\Project_VXL\Assign_MCU\STM32\STM32F103RBTX_FLASH.ld" --specs=nosys.specs -Wl,-Map="STM32.map" -Wl,--gc-sections -static --specs=nano.specs -mfloat-abi=soft -mthumb -Wl,--start-group -lc -lm -Wl,--end-group
Finished building target: STM32.elf
 
arm-none-eabi-size   STM32.elf 
arm-none-eabi-objdump -h -S  STM32.elf  > "STM32.list"
arm-none-eabi-objcopy  -O ihex  STM32.elf  "STM32.hex"
arm-none-eabi-objcopy  -O binary  STM32.elf  "STM32.bin"
   text	   data	    bss	    dec	    hex	filename
  16304	    140	   2820	  19264	   4b40	STM32.elf
Finished building: default.size.stdout
 
Finished building: STM32.bin
Finished building: STM32.hex
 
 
Finished building: STM32.list
 

12:42:25 Build Finished. 0 errors, 0 warnings. (took 1s.816ms)

